#Packing pin usage report
Type: io
	Input Pin Usage:
		Max: 1.00 (0.50)
		Avg: 0.74 (0.37)
		Min: 0.00 (0.00)
		Histogram:
		[        0:      0.2) 16 ( 25.8%) |*****************
		[      0.2:      0.4)  0 (  0.0%) |
		[      0.4:      0.6)  0 (  0.0%) |
		[      0.6:      0.8)  0 (  0.0%) |
		[      0.8:        1) 46 ( 74.2%) |************************************************
		[        1:      1.2)  0 (  0.0%) |
		[      1.2:      1.4)  0 (  0.0%) |
		[      1.4:      1.6)  0 (  0.0%) |
		[      1.6:      1.8)  0 (  0.0%) |
		[      1.8:        2)  0 (  0.0%) |
	Output Pin Usage:
		Max: 1.00 (1.00)
		Avg: 0.26 (0.26)
		Min: 0.00 (0.00)
		Histogram:
		[        0:      0.1) 46 ( 74.2%) |************************************************
		[      0.1:      0.2)  0 (  0.0%) |
		[      0.2:      0.3)  0 (  0.0%) |
		[      0.3:      0.4)  0 (  0.0%) |
		[      0.4:      0.5)  0 (  0.0%) |
		[      0.5:      0.6)  0 (  0.0%) |
		[      0.6:      0.7)  0 (  0.0%) |
		[      0.7:      0.8)  0 (  0.0%) |
		[      0.8:      0.9)  0 (  0.0%) |
		[      0.9:        1) 16 ( 25.8%) |*****************

Type: clb
	Input Pin Usage:
		Max: 50.00 (0.93)
		Avg: 36.92 (0.68)
		Min: 3.00 (0.06)
		Histogram:
		[        0:      5.4) 11 (  5.5%) |******
		[      5.4:       11)  5 (  2.5%) |***
		[       11:       16)  1 (  0.5%) |*
		[       16:       22)  1 (  0.5%) |*
		[       22:       27)  1 (  0.5%) |*
		[       27:       32) 14 (  7.0%) |********
		[       32:       38) 40 ( 19.9%) |***********************
		[       38:       43) 82 ( 40.8%) |************************************************
		[       43:       49) 44 ( 21.9%) |**************************
		[       49:       54)  2 (  1.0%) |*
	Output Pin Usage:
		Max: 18.00 (0.86)
		Avg: 8.08 (0.38)
		Min: 1.00 (0.05)
		Histogram:
		[        0:      2.1) 21 ( 10.4%) |*********************************
		[      2.1:      4.2) 27 ( 13.4%) |******************************************
		[      4.2:      6.3) 29 ( 14.4%) |*********************************************
		[      6.3:      8.4) 31 ( 15.4%) |************************************************
		[      8.4:       10) 30 ( 14.9%) |**********************************************
		[       10:       13) 29 ( 14.4%) |*********************************************
		[       13:       15) 22 ( 10.9%) |**********************************
		[       15:       17)  8 (  4.0%) |************
		[       17:       19)  4 (  2.0%) |******
		[       19:       21)  0 (  0.0%) |

