#Timing report of worst 3 path(s)
# Unit scale: 1e-09 seconds
# Output precision: 3

#Path 1
Startpoint: i_38_.inpad[0] (.input clocked by virtual_io_clock)
Endpoint  : out:o_2_.outpad[0] (.output clocked by virtual_io_clock)
Path Type : hold

Point                                                             Incr      Path
--------------------------------------------------------------------------------
clock virtual_io_clock (rise edge)                               0.000     0.000
clock source latency                                             0.000     0.000
input external delay                                             0.000     0.000
i_38_.inpad[0] (.input)                                          0.000     0.000
n_n1829.in[0] (.names)                                           0.497     0.497
n_n1829.out[0] (.names)                                          0.261     0.758
[7747].in[0] (.names)                                            0.309     1.067
[7747].out[0] (.names)                                           0.261     1.328
o_2_.in[3] (.names)                                              0.000     1.328
o_2_.out[0] (.names)                                             0.261     1.589
out:o_2_.outpad[0] (.output)                                     0.315     1.905
data arrival time                                                          1.905

clock virtual_io_clock (rise edge)                               0.000     0.000
clock source latency                                             0.000     0.000
clock uncertainty                                                0.000     0.000
output external delay                                            0.000     0.000
data required time                                                         0.000
--------------------------------------------------------------------------------
data required time                                                        -0.000
data arrival time                                                          1.905
--------------------------------------------------------------------------------
slack (MET)                                                                1.905


#Path 2
Startpoint: i_37_.inpad[0] (.input clocked by virtual_io_clock)
Endpoint  : out:o_1_.outpad[0] (.output clocked by virtual_io_clock)
Path Type : hold

Point                                                             Incr      Path
--------------------------------------------------------------------------------
clock virtual_io_clock (rise edge)                               0.000     0.000
clock source latency                                             0.000     0.000
input external delay                                             0.000     0.000
i_37_.inpad[0] (.input)                                          0.000     0.000
n_n1690.in[0] (.names)                                           0.584     0.584
n_n1690.out[0] (.names)                                          0.261     0.845
[7252].in[0] (.names)                                            0.189     1.033
[7252].out[0] (.names)                                           0.261     1.294
o_1_.in[2] (.names)                                              0.000     1.294
o_1_.out[0] (.names)                                             0.261     1.555
out:o_1_.outpad[0] (.output)                                     0.485     2.040
data arrival time                                                          2.040

clock virtual_io_clock (rise edge)                               0.000     0.000
clock source latency                                             0.000     0.000
clock uncertainty                                                0.000     0.000
output external delay                                            0.000     0.000
data required time                                                         0.000
--------------------------------------------------------------------------------
data required time                                                        -0.000
data arrival time                                                          2.040
--------------------------------------------------------------------------------
slack (MET)                                                                2.040


#Path 3
Startpoint: i_36_.inpad[0] (.input clocked by virtual_io_clock)
Endpoint  : out:o_0_.outpad[0] (.output clocked by virtual_io_clock)
Path Type : hold

Point                                                             Incr      Path
--------------------------------------------------------------------------------
clock virtual_io_clock (rise edge)                               0.000     0.000
clock source latency                                             0.000     0.000
input external delay                                             0.000     0.000
i_36_.inpad[0] (.input)                                          0.000     0.000
n_n1559.in[0] (.names)                                           0.750     0.750
n_n1559.out[0] (.names)                                          0.261     1.011
o_0_.in[1] (.names)                                              0.355     1.365
o_0_.out[0] (.names)                                             0.261     1.626
out:o_0_.outpad[0] (.output)                                     0.501     2.128
data arrival time                                                          2.128

clock virtual_io_clock (rise edge)                               0.000     0.000
clock source latency                                             0.000     0.000
clock uncertainty                                                0.000     0.000
output external delay                                            0.000     0.000
data required time                                                         0.000
--------------------------------------------------------------------------------
data required time                                                        -0.000
data arrival time                                                          2.128
--------------------------------------------------------------------------------
slack (MET)                                                                2.128


#End of timing report
