#Timing report of worst 3 path(s)
# Unit scale: 1e-09 seconds
# Output precision: 3

#Path 1
Startpoint: i_32_.inpad[0] (.input clocked by virtual_io_clock)
Endpoint  : out:o_2_.outpad[0] (.output clocked by virtual_io_clock)
Path Type : setup

Point                                                             Incr      Path
--------------------------------------------------------------------------------
clock virtual_io_clock (rise edge)                               0.000     0.000
clock source latency                                             0.000     0.000
input external delay                                             0.000     0.000
i_32_.inpad[0] (.input)                                          0.000     0.000
n_n1340.in[0] (.names)                                           0.896     0.896
n_n1340.out[0] (.names)                                          0.261     1.157
[1057].in[3] (.names)                                            0.622     1.779
[1057].out[0] (.names)                                           0.261     2.040
[1054].in[1] (.names)                                            0.596     2.636
[1054].out[0] (.names)                                           0.261     2.897
n_n1884.in[1] (.names)                                           0.334     3.231
n_n1884.out[0] (.names)                                          0.261     3.492
n_n1834.in[0] (.names)                                           0.478     3.970
n_n1834.out[0] (.names)                                          0.261     4.231
[7714].in[1] (.names)                                            0.475     4.705
[7714].out[0] (.names)                                           0.261     4.966
o_2_.in[1] (.names)                                              0.616     5.582
o_2_.out[0] (.names)                                             0.261     5.843
out:o_2_.outpad[0] (.output)                                     0.354     6.197
data arrival time                                                          6.197

clock virtual_io_clock (rise edge)                               0.000     0.000
clock source latency                                             0.000     0.000
clock uncertainty                                                0.000     0.000
output external delay                                            0.000     0.000
data required time                                                         0.000
--------------------------------------------------------------------------------
data required time                                                         0.000
data arrival time                                                         -6.197
--------------------------------------------------------------------------------
slack (VIOLATED)                                                          -6.197


#Path 2
Startpoint: i_10_.inpad[0] (.input clocked by virtual_io_clock)
Endpoint  : out:o_0_.outpad[0] (.output clocked by virtual_io_clock)
Path Type : setup

Point                                                             Incr      Path
--------------------------------------------------------------------------------
clock virtual_io_clock (rise edge)                               0.000     0.000
clock source latency                                             0.000     0.000
input external delay                                             0.000     0.000
i_10_.inpad[0] (.input)                                          0.000     0.000
n_n301.in[0] (.names)                                            0.933     0.933
n_n301.out[0] (.names)                                           0.261     1.194
[384].in[2] (.names)                                             0.616     1.810
[384].out[0] (.names)                                            0.261     2.071
[576].in[3] (.names)                                             0.482     2.553
[576].out[0] (.names)                                            0.261     2.814
[7825].in[1] (.names)                                            0.478     3.292
[7825].out[0] (.names)                                           0.261     3.553
[7853].in[0] (.names)                                            0.100     3.653
[7853].out[0] (.names)                                           0.261     3.914
[7923].in[2] (.names)                                            0.480     4.394
[7923].out[0] (.names)                                           0.261     4.655
n_n1542.in[2] (.names)                                           0.334     4.989
n_n1542.out[0] (.names)                                          0.261     5.250
o_0_.in[2] (.names)                                              0.100     5.350
o_0_.out[0] (.names)                                             0.261     5.611
out:o_0_.outpad[0] (.output)                                     0.540     6.151
data arrival time                                                          6.151

clock virtual_io_clock (rise edge)                               0.000     0.000
clock source latency                                             0.000     0.000
clock uncertainty                                                0.000     0.000
output external delay                                            0.000     0.000
data required time                                                         0.000
--------------------------------------------------------------------------------
data required time                                                         0.000
data arrival time                                                         -6.151
--------------------------------------------------------------------------------
slack (VIOLATED)                                                          -6.151


#Path 3
Startpoint: i_24_.inpad[0] (.input clocked by virtual_io_clock)
Endpoint  : out:o_1_.outpad[0] (.output clocked by virtual_io_clock)
Path Type : setup

Point                                                             Incr      Path
--------------------------------------------------------------------------------
clock virtual_io_clock (rise edge)                               0.000     0.000
clock source latency                                             0.000     0.000
input external delay                                             0.000     0.000
i_24_.inpad[0] (.input)                                          0.000     0.000
n_n1018.in[2] (.names)                                           0.738     0.738
n_n1018.out[0] (.names)                                          0.261     0.999
[221].in[3] (.names)                                             0.625     1.623
[221].out[0] (.names)                                            0.261     1.884
[698].in[1] (.names)                                             0.481     2.365
[698].out[0] (.names)                                            0.261     2.626
[697].in[1] (.names)                                             0.100     2.726
[697].out[0] (.names)                                            0.261     2.987
n_n1703.in[1] (.names)                                           0.483     3.471
n_n1703.out[0] (.names)                                          0.261     3.732
[7239].in[0] (.names)                                            0.475     4.206
[7239].out[0] (.names)                                           0.261     4.467
[7252].in[2] (.names)                                            0.456     4.923
[7252].out[0] (.names)                                           0.261     5.184
o_1_.in[2] (.names)                                              0.100     5.284
o_1_.out[0] (.names)                                             0.261     5.545
out:o_1_.outpad[0] (.output)                                     0.524     6.069
data arrival time                                                          6.069

clock virtual_io_clock (rise edge)                               0.000     0.000
clock source latency                                             0.000     0.000
clock uncertainty                                                0.000     0.000
output external delay                                            0.000     0.000
data required time                                                         0.000
--------------------------------------------------------------------------------
data required time                                                         0.000
data arrival time                                                         -6.069
--------------------------------------------------------------------------------
slack (VIOLATED)                                                          -6.069


#End of timing report
