#Timing report of worst 35 path(s)
# Unit scale: 1e-09 seconds
# Output precision: 3

#Path 1
Startpoint: i_33_.inpad[0] (.input clocked by virtual_io_clock)
Endpoint  : out:o_24_.outpad[0] (.output clocked by virtual_io_clock)
Path Type : setup

Point                                                             Incr      Path
--------------------------------------------------------------------------------
clock virtual_io_clock (rise edge)                               0.000     0.000
clock source latency                                             0.000     0.000
input external delay                                             0.000     0.000
i_33_.inpad[0] (.input)                                          0.000     0.000
[50].in[2] (.names)                                              0.792     0.792
[50].out[0] (.names)                                             0.261     1.053
n_n1986.in[3] (.names)                                           0.483     1.536
n_n1986.out[0] (.names)                                          0.261     1.797
[7363].in[0] (.names)                                            0.612     2.410
[7363].out[0] (.names)                                           0.261     2.671
n_n1577.in[3] (.names)                                           0.100     2.771
n_n1577.out[0] (.names)                                          0.261     3.032
n_n1572.in[0] (.names)                                           0.336     3.367
n_n1572.out[0] (.names)                                          0.261     3.628
n_n1571.in[1] (.names)                                           0.479     4.107
n_n1571.out[0] (.names)                                          0.261     4.368
o_24_.in[2] (.names)                                             0.100     4.468
o_24_.out[0] (.names)                                            0.261     4.729
out:o_24_.outpad[0] (.output)                                    0.432     5.161
data arrival time                                                          5.161

clock virtual_io_clock (rise edge)                               0.000     0.000
clock source latency                                             0.000     0.000
clock uncertainty                                                0.000     0.000
output external delay                                            0.000     0.000
data required time                                                         0.000
--------------------------------------------------------------------------------
data required time                                                         0.000
data arrival time                                                         -5.161
--------------------------------------------------------------------------------
slack (VIOLATED)                                                          -5.161


#Path 2
Startpoint: i_33_.inpad[0] (.input clocked by virtual_io_clock)
Endpoint  : out:o_0_.outpad[0] (.output clocked by virtual_io_clock)
Path Type : setup

Point                                                             Incr      Path
--------------------------------------------------------------------------------
clock virtual_io_clock (rise edge)                               0.000     0.000
clock source latency                                             0.000     0.000
input external delay                                             0.000     0.000
i_33_.inpad[0] (.input)                                          0.000     0.000
[76].in[3] (.names)                                              0.789     0.789
[76].out[0] (.names)                                             0.261     1.050
n_n334.in[1] (.names)                                            0.487     1.536
n_n334.out[0] (.names)                                           0.261     1.797
[1766].in[3] (.names)                                            0.627     2.424
[1766].out[0] (.names)                                           0.261     2.685
n_n1091.in[0] (.names)                                           0.470     3.155
n_n1091.out[0] (.names)                                          0.261     3.416
n_n1081.in[0] (.names)                                           0.481     3.897
n_n1081.out[0] (.names)                                          0.261     4.158
o_0_.in[0] (.names)                                              0.100     4.258
o_0_.out[0] (.names)                                             0.261     4.519
out:o_0_.outpad[0] (.output)                                     0.520     5.040
data arrival time                                                          5.040

clock virtual_io_clock (rise edge)                               0.000     0.000
clock source latency                                             0.000     0.000
clock uncertainty                                                0.000     0.000
output external delay                                            0.000     0.000
data required time                                                         0.000
--------------------------------------------------------------------------------
data required time                                                         0.000
data arrival time                                                         -5.040
--------------------------------------------------------------------------------
slack (VIOLATED)                                                          -5.040


#Path 3
Startpoint: i_38_.inpad[0] (.input clocked by virtual_io_clock)
Endpoint  : out:o_25_.outpad[0] (.output clocked by virtual_io_clock)
Path Type : setup

Point                                                             Incr      Path
--------------------------------------------------------------------------------
clock virtual_io_clock (rise edge)                               0.000     0.000
clock source latency                                             0.000     0.000
input external delay                                             0.000     0.000
i_38_.inpad[0] (.input)                                          0.000     0.000
n_n985.in[1] (.names)                                            0.789     0.789
n_n985.out[0] (.names)                                           0.261     1.050
[337].in[2] (.names)                                             0.605     1.654
[337].out[0] (.names)                                            0.261     1.915
[6956].in[3] (.names)                                            0.464     2.379
[6956].out[0] (.names)                                           0.261     2.640
[185].in[0] (.names)                                             0.100     2.740
[185].out[0] (.names)                                            0.261     3.001
n_n1603.in[0] (.names)                                           0.475     3.475
n_n1603.out[0] (.names)                                          0.261     3.736
o_25_.in[1] (.names)                                             0.481     4.217
o_25_.out[0] (.names)                                            0.261     4.478
out:o_25_.outpad[0] (.output)                                    0.521     5.000
data arrival time                                                          5.000

clock virtual_io_clock (rise edge)                               0.000     0.000
clock source latency                                             0.000     0.000
clock uncertainty                                                0.000     0.000
output external delay                                            0.000     0.000
data required time                                                         0.000
--------------------------------------------------------------------------------
data required time                                                         0.000
data arrival time                                                         -5.000
--------------------------------------------------------------------------------
slack (VIOLATED)                                                          -5.000


#Path 4
Startpoint: i_40_.inpad[0] (.input clocked by virtual_io_clock)
Endpoint  : out:o_3_.outpad[0] (.output clocked by virtual_io_clock)
Path Type : setup

Point                                                             Incr      Path
--------------------------------------------------------------------------------
clock virtual_io_clock (rise edge)                               0.000     0.000
clock source latency                                             0.000     0.000
input external delay                                             0.000     0.000
i_40_.inpad[0] (.input)                                          0.000     0.000
n_n969.in[0] (.names)                                            0.792     0.792
n_n969.out[0] (.names)                                           0.261     1.053
[288].in[1] (.names)                                             0.777     1.830
[288].out[0] (.names)                                            0.261     2.091
n_n1196.in[2] (.names)                                           0.631     2.722
n_n1196.out[0] (.names)                                          0.261     2.983
n_n1187.in[1] (.names)                                           0.448     3.431
n_n1187.out[0] (.names)                                          0.261     3.692
o_3_.in[0] (.names)                                              0.338     4.030
o_3_.out[0] (.names)                                             0.261     4.291
out:o_3_.outpad[0] (.output)                                     0.641     4.932
data arrival time                                                          4.932

clock virtual_io_clock (rise edge)                               0.000     0.000
clock source latency                                             0.000     0.000
clock uncertainty                                                0.000     0.000
output external delay                                            0.000     0.000
data required time                                                         0.000
--------------------------------------------------------------------------------
data required time                                                         0.000
data arrival time                                                         -4.932
--------------------------------------------------------------------------------
slack (VIOLATED)                                                          -4.932


#Path 5
Startpoint: i_38_.inpad[0] (.input clocked by virtual_io_clock)
Endpoint  : out:o_5_.outpad[0] (.output clocked by virtual_io_clock)
Path Type : setup

Point                                                             Incr      Path
--------------------------------------------------------------------------------
clock virtual_io_clock (rise edge)                               0.000     0.000
clock source latency                                             0.000     0.000
input external delay                                             0.000     0.000
i_38_.inpad[0] (.input)                                          0.000     0.000
n_n1052.in[1] (.names)                                           0.771     0.771
n_n1052.out[0] (.names)                                          0.261     1.032
[7564].in[2] (.names)                                            0.578     1.610
[7564].out[0] (.names)                                           0.261     1.871
[7568].in[3] (.names)                                            0.414     2.285
[7568].out[0] (.names)                                           0.261     2.546
[7571].in[3] (.names)                                            0.483     3.029
[7571].out[0] (.names)                                           0.261     3.290
n_n1272.in[2] (.names)                                           0.100     3.390
n_n1272.out[0] (.names)                                          0.261     3.651
o_5_.in[0] (.names)                                              0.628     4.279
o_5_.out[0] (.names)                                             0.261     4.540
out:o_5_.outpad[0] (.output)                                     0.375     4.915
data arrival time                                                          4.915

clock virtual_io_clock (rise edge)                               0.000     0.000
clock source latency                                             0.000     0.000
clock uncertainty                                                0.000     0.000
output external delay                                            0.000     0.000
data required time                                                         0.000
--------------------------------------------------------------------------------
data required time                                                         0.000
data arrival time                                                         -4.915
--------------------------------------------------------------------------------
slack (VIOLATED)                                                          -4.915


#Path 6
Startpoint: i_39_.inpad[0] (.input clocked by virtual_io_clock)
Endpoint  : out:o_18_.outpad[0] (.output clocked by virtual_io_clock)
Path Type : setup

Point                                                             Incr      Path
--------------------------------------------------------------------------------
clock virtual_io_clock (rise edge)                               0.000     0.000
clock source latency                                             0.000     0.000
input external delay                                             0.000     0.000
i_39_.inpad[0] (.input)                                          0.000     0.000
n_n1011.in[0] (.names)                                           0.911     0.911
n_n1011.out[0] (.names)                                          0.261     1.172
[721].in[1] (.names)                                             0.625     1.797
[721].out[0] (.names)                                            0.261     2.058
[1277].in[2] (.names)                                            0.100     2.158
[1277].out[0] (.names)                                           0.261     2.419
n_n1453.in[2] (.names)                                           0.336     2.754
n_n1453.out[0] (.names)                                          0.261     3.015
n_n1445.in[0] (.names)                                           0.100     3.115
n_n1445.out[0] (.names)                                          0.261     3.376
o_18_.in[0] (.names)                                             0.481     3.858
o_18_.out[0] (.names)                                            0.261     4.119
out:o_18_.outpad[0] (.output)                                    0.756     4.875
data arrival time                                                          4.875

clock virtual_io_clock (rise edge)                               0.000     0.000
clock source latency                                             0.000     0.000
clock uncertainty                                                0.000     0.000
output external delay                                            0.000     0.000
data required time                                                         0.000
--------------------------------------------------------------------------------
data required time                                                         0.000
data arrival time                                                         -4.875
--------------------------------------------------------------------------------
slack (VIOLATED)                                                          -4.875


#Path 7
Startpoint: i_35_.inpad[0] (.input clocked by virtual_io_clock)
Endpoint  : out:o_4_.outpad[0] (.output clocked by virtual_io_clock)
Path Type : setup

Point                                                             Incr      Path
--------------------------------------------------------------------------------
clock virtual_io_clock (rise edge)                               0.000     0.000
clock source latency                                             0.000     0.000
input external delay                                             0.000     0.000
i_35_.inpad[0] (.input)                                          0.000     0.000
[45].in[3] (.names)                                              0.875     0.875
[45].out[0] (.names)                                             0.261     1.136
[211].in[2] (.names)                                             0.629     1.765
[211].out[0] (.names)                                            0.261     2.026
[7775].in[1] (.names)                                            0.100     2.126
[7775].out[0] (.names)                                           0.261     2.387
n_n1237.in[3] (.names)                                           0.459     2.846
n_n1237.out[0] (.names)                                          0.261     3.107
n_n1233.in[0] (.names)                                           0.477     3.584
n_n1233.out[0] (.names)                                          0.261     3.845
o_4_.in[0] (.names)                                              0.100     3.945
o_4_.out[0] (.names)                                             0.261     4.206
out:o_4_.outpad[0] (.output)                                     0.609     4.815
data arrival time                                                          4.815

clock virtual_io_clock (rise edge)                               0.000     0.000
clock source latency                                             0.000     0.000
clock uncertainty                                                0.000     0.000
output external delay                                            0.000     0.000
data required time                                                         0.000
--------------------------------------------------------------------------------
data required time                                                         0.000
data arrival time                                                         -4.815
--------------------------------------------------------------------------------
slack (VIOLATED)                                                          -4.815


#Path 8
Startpoint: i_2_.inpad[0] (.input clocked by virtual_io_clock)
Endpoint  : out:o_17_.outpad[0] (.output clocked by virtual_io_clock)
Path Type : setup

Point                                                             Incr      Path
--------------------------------------------------------------------------------
clock virtual_io_clock (rise edge)                               0.000     0.000
clock source latency                                             0.000     0.000
input external delay                                             0.000     0.000
i_2_.inpad[0] (.input)                                           0.000     0.000
n_n843.in[1] (.names)                                            0.759     0.759
n_n843.out[0] (.names)                                           0.261     1.020
[1199].in[3] (.names)                                            0.776     1.795
[1199].out[0] (.names)                                           0.261     2.056
[7403].in[1] (.names)                                            0.331     2.388
[7403].out[0] (.names)                                           0.261     2.649
n_n1412.in[3] (.names)                                           0.483     3.132
n_n1412.out[0] (.names)                                          0.261     3.393
n_n1408.in[1] (.names)                                           0.457     3.850
n_n1408.out[0] (.names)                                          0.261     4.111
o_17_.in[0] (.names)                                             0.100     4.211
o_17_.out[0] (.names)                                            0.261     4.472
out:o_17_.outpad[0] (.output)                                    0.308     4.780
data arrival time                                                          4.780

clock virtual_io_clock (rise edge)                               0.000     0.000
clock source latency                                             0.000     0.000
clock uncertainty                                                0.000     0.000
output external delay                                            0.000     0.000
data required time                                                         0.000
--------------------------------------------------------------------------------
data required time                                                         0.000
data arrival time                                                         -4.780
--------------------------------------------------------------------------------
slack (VIOLATED)                                                          -4.780


#Path 9
Startpoint: i_38_.inpad[0] (.input clocked by virtual_io_clock)
Endpoint  : out:o_33_.outpad[0] (.output clocked by virtual_io_clock)
Path Type : setup

Point                                                             Incr      Path
--------------------------------------------------------------------------------
clock virtual_io_clock (rise edge)                               0.000     0.000
clock source latency                                             0.000     0.000
input external delay                                             0.000     0.000
i_38_.inpad[0] (.input)                                          0.000     0.000
n_n978.in[2] (.names)                                            0.789     0.789
n_n978.out[0] (.names)                                           0.261     1.050
n_n857.in[0] (.names)                                            0.625     1.674
n_n857.out[0] (.names)                                           0.261     1.935
[1430].in[0] (.names)                                            0.475     2.410
[1430].out[0] (.names)                                           0.261     2.671
[7176].in[0] (.names)                                            0.100     2.771
[7176].out[0] (.names)                                           0.261     3.032
n_n1670.in[3] (.names)                                           0.337     3.369
n_n1670.out[0] (.names)                                          0.261     3.630
o_33_.in[1] (.names)                                             0.470     4.100
o_33_.out[0] (.names)                                            0.261     4.361
out:o_33_.outpad[0] (.output)                                    0.391     4.752
data arrival time                                                          4.752

clock virtual_io_clock (rise edge)                               0.000     0.000
clock source latency                                             0.000     0.000
clock uncertainty                                                0.000     0.000
output external delay                                            0.000     0.000
data required time                                                         0.000
--------------------------------------------------------------------------------
data required time                                                         0.000
data arrival time                                                         -4.752
--------------------------------------------------------------------------------
slack (VIOLATED)                                                          -4.752


#Path 10
Startpoint: i_37_.inpad[0] (.input clocked by virtual_io_clock)
Endpoint  : out:o_1_.outpad[0] (.output clocked by virtual_io_clock)
Path Type : setup

Point                                                             Incr      Path
--------------------------------------------------------------------------------
clock virtual_io_clock (rise edge)                               0.000     0.000
clock source latency                                             0.000     0.000
input external delay                                             0.000     0.000
i_37_.inpad[0] (.input)                                          0.000     0.000
n_n866.in[2] (.names)                                            0.887     0.887
n_n866.out[0] (.names)                                           0.261     1.148
[1896].in[1] (.names)                                            0.483     1.632
[1896].out[0] (.names)                                           0.261     1.893
[6746].in[2] (.names)                                            0.337     2.230
[6746].out[0] (.names)                                           0.261     2.491
[6747].in[2] (.names)                                            0.476     2.966
[6747].out[0] (.names)                                           0.261     3.227
[6759].in[2] (.names)                                            0.483     3.711
[6759].out[0] (.names)                                           0.261     3.972
o_1_.in[1] (.names)                                              0.100     4.072
o_1_.out[0] (.names)                                             0.261     4.333
out:o_1_.outpad[0] (.output)                                     0.352     4.685
data arrival time                                                          4.685

clock virtual_io_clock (rise edge)                               0.000     0.000
clock source latency                                             0.000     0.000
clock uncertainty                                                0.000     0.000
output external delay                                            0.000     0.000
data required time                                                         0.000
--------------------------------------------------------------------------------
data required time                                                         0.000
data arrival time                                                         -4.685
--------------------------------------------------------------------------------
slack (VIOLATED)                                                          -4.685


#Path 11
Startpoint: i_38_.inpad[0] (.input clocked by virtual_io_clock)
Endpoint  : out:o_20_.outpad[0] (.output clocked by virtual_io_clock)
Path Type : setup

Point                                                             Incr      Path
--------------------------------------------------------------------------------
clock virtual_io_clock (rise edge)                               0.000     0.000
clock source latency                                             0.000     0.000
input external delay                                             0.000     0.000
i_38_.inpad[0] (.input)                                          0.000     0.000
n_n977.in[2] (.names)                                            0.789     0.789
n_n977.out[0] (.names)                                           0.261     1.050
[1085].in[1] (.names)                                            0.767     1.816
[1085].out[0] (.names)                                           0.261     2.077
[1083].in[2] (.names)                                            0.603     2.680
[1083].out[0] (.names)                                           0.261     2.941
[7495].in[1] (.names)                                            0.100     3.041
[7495].out[0] (.names)                                           0.261     3.302
[7508].in[2] (.names)                                            0.337     3.639
[7508].out[0] (.names)                                           0.261     3.900
o_20_.in[2] (.names)                                             0.100     4.000
o_20_.out[0] (.names)                                            0.261     4.261
out:o_20_.outpad[0] (.output)                                    0.376     4.637
data arrival time                                                          4.637

clock virtual_io_clock (rise edge)                               0.000     0.000
clock source latency                                             0.000     0.000
clock uncertainty                                                0.000     0.000
output external delay                                            0.000     0.000
data required time                                                         0.000
--------------------------------------------------------------------------------
data required time                                                         0.000
data arrival time                                                         -4.637
--------------------------------------------------------------------------------
slack (VIOLATED)                                                          -4.637


#Path 12
Startpoint: i_38_.inpad[0] (.input clocked by virtual_io_clock)
Endpoint  : out:o_34_.outpad[0] (.output clocked by virtual_io_clock)
Path Type : setup

Point                                                             Incr      Path
--------------------------------------------------------------------------------
clock virtual_io_clock (rise edge)                               0.000     0.000
clock source latency                                             0.000     0.000
input external delay                                             0.000     0.000
i_38_.inpad[0] (.input)                                          0.000     0.000
[65].in[1] (.names)                                              0.789     0.789
[65].out[0] (.names)                                             0.261     1.050
[7048].in[2] (.names)                                            0.704     1.753
[7048].out[0] (.names)                                           0.261     2.014
n_n1709.in[2] (.names)                                           0.752     2.766
n_n1709.out[0] (.names)                                          0.261     3.027
[7095].in[0] (.names)                                            0.100     3.127
[7095].out[0] (.names)                                           0.261     3.388
o_34_.in[2] (.names)                                             0.632     4.021
o_34_.out[0] (.names)                                            0.261     4.282
out:o_34_.outpad[0] (.output)                                    0.352     4.634
data arrival time                                                          4.634

clock virtual_io_clock (rise edge)                               0.000     0.000
clock source latency                                             0.000     0.000
clock uncertainty                                                0.000     0.000
output external delay                                            0.000     0.000
data required time                                                         0.000
--------------------------------------------------------------------------------
data required time                                                         0.000
data arrival time                                                         -4.634
--------------------------------------------------------------------------------
slack (VIOLATED)                                                          -4.634


#Path 13
Startpoint: i_36_.inpad[0] (.input clocked by virtual_io_clock)
Endpoint  : out:o_6_.outpad[0] (.output clocked by virtual_io_clock)
Path Type : setup

Point                                                             Incr      Path
--------------------------------------------------------------------------------
clock virtual_io_clock (rise edge)                               0.000     0.000
clock source latency                                             0.000     0.000
input external delay                                             0.000     0.000
i_36_.inpad[0] (.input)                                          0.000     0.000
[401].in[1] (.names)                                             1.034     1.034
[401].out[0] (.names)                                            0.261     1.295
[850].in[3] (.names)                                             0.628     1.923
[850].out[0] (.names)                                            0.261     2.184
[7667].in[3] (.names)                                            0.100     2.284
[7667].out[0] (.names)                                           0.261     2.545
[7669].in[3] (.names)                                            0.100     2.645
[7669].out[0] (.names)                                           0.261     2.906
n_n1323.in[2] (.names)                                           0.338     3.244
n_n1323.out[0] (.names)                                          0.261     3.505
o_6_.in[2] (.names)                                              0.337     3.842
o_6_.out[0] (.names)                                             0.261     4.103
out:o_6_.outpad[0] (.output)                                     0.520     4.623
data arrival time                                                          4.623

clock virtual_io_clock (rise edge)                               0.000     0.000
clock source latency                                             0.000     0.000
clock uncertainty                                                0.000     0.000
output external delay                                            0.000     0.000
data required time                                                         0.000
--------------------------------------------------------------------------------
data required time                                                         0.000
data arrival time                                                         -4.623
--------------------------------------------------------------------------------
slack (VIOLATED)                                                          -4.623


#Path 14
Startpoint: i_36_.inpad[0] (.input clocked by virtual_io_clock)
Endpoint  : out:o_2_.outpad[0] (.output clocked by virtual_io_clock)
Path Type : setup

Point                                                             Incr      Path
--------------------------------------------------------------------------------
clock virtual_io_clock (rise edge)                               0.000     0.000
clock source latency                                             0.000     0.000
input external delay                                             0.000     0.000
i_36_.inpad[0] (.input)                                          0.000     0.000
n_n1047.in[1] (.names)                                           0.642     0.642
n_n1047.out[0] (.names)                                          0.261     0.903
[84].in[2] (.names)                                              0.483     1.386
[84].out[0] (.names)                                             0.261     1.647
[1835].in[0] (.names)                                            0.859     2.507
[1835].out[0] (.names)                                           0.261     2.768
[6808].in[2] (.names)                                            0.100     2.868
[6808].out[0] (.names)                                           0.261     3.129
o_2_.in[3] (.names)                                              0.601     3.730
o_2_.out[0] (.names)                                             0.261     3.991
out:o_2_.outpad[0] (.output)                                     0.535     4.526
data arrival time                                                          4.526

clock virtual_io_clock (rise edge)                               0.000     0.000
clock source latency                                             0.000     0.000
clock uncertainty                                                0.000     0.000
output external delay                                            0.000     0.000
data required time                                                         0.000
--------------------------------------------------------------------------------
data required time                                                         0.000
data arrival time                                                         -4.526
--------------------------------------------------------------------------------
slack (VIOLATED)                                                          -4.526


#Path 15
Startpoint: i_5_.inpad[0] (.input clocked by virtual_io_clock)
Endpoint  : out:o_11_.outpad[0] (.output clocked by virtual_io_clock)
Path Type : setup

Point                                                             Incr      Path
--------------------------------------------------------------------------------
clock virtual_io_clock (rise edge)                               0.000     0.000
clock source latency                                             0.000     0.000
input external delay                                             0.000     0.000
i_5_.inpad[0] (.input)                                           0.000     0.000
n_n527.in[1] (.names)                                            0.901     0.901
n_n527.out[0] (.names)                                           0.261     1.162
[1624].in[2] (.names)                                            0.631     1.793
[1624].out[0] (.names)                                           0.261     2.054
[7018].in[2] (.names)                                            0.100     2.154
[7018].out[0] (.names)                                           0.261     2.415
[1619].in[3] (.names)                                            0.481     2.897
[1619].out[0] (.names)                                           0.261     3.158
o_11_.in[2] (.names)                                             0.576     3.734
o_11_.out[0] (.names)                                            0.261     3.995
out:o_11_.outpad[0] (.output)                                    0.518     4.513
data arrival time                                                          4.513

clock virtual_io_clock (rise edge)                               0.000     0.000
clock source latency                                             0.000     0.000
clock uncertainty                                                0.000     0.000
output external delay                                            0.000     0.000
data required time                                                         0.000
--------------------------------------------------------------------------------
data required time                                                         0.000
data arrival time                                                         -4.513
--------------------------------------------------------------------------------
slack (VIOLATED)                                                          -4.513


#Path 16
Startpoint: i_36_.inpad[0] (.input clocked by virtual_io_clock)
Endpoint  : out:o_7_.outpad[0] (.output clocked by virtual_io_clock)
Path Type : setup

Point                                                             Incr      Path
--------------------------------------------------------------------------------
clock virtual_io_clock (rise edge)                               0.000     0.000
clock source latency                                             0.000     0.000
input external delay                                             0.000     0.000
i_36_.inpad[0] (.input)                                          0.000     0.000
n_n693.in[0] (.names)                                            0.936     0.936
n_n693.out[0] (.names)                                           0.261     1.197
[146].in[1] (.names)                                             0.481     1.678
[146].out[0] (.names)                                            0.261     1.939
[7538].in[0] (.names)                                            0.628     2.567
[7538].out[0] (.names)                                           0.261     2.828
[7541].in[3] (.names)                                            0.483     3.312
[7541].out[0] (.names)                                           0.261     3.573
o_7_.in[1] (.names)                                              0.100     3.673
o_7_.out[0] (.names)                                             0.261     3.934
out:o_7_.outpad[0] (.output)                                     0.375     4.309
data arrival time                                                          4.309

clock virtual_io_clock (rise edge)                               0.000     0.000
clock source latency                                             0.000     0.000
clock uncertainty                                                0.000     0.000
output external delay                                            0.000     0.000
data required time                                                         0.000
--------------------------------------------------------------------------------
data required time                                                         0.000
data arrival time                                                         -4.309
--------------------------------------------------------------------------------
slack (VIOLATED)                                                          -4.309


#Path 17
Startpoint: i_38_.inpad[0] (.input clocked by virtual_io_clock)
Endpoint  : out:o_23_.outpad[0] (.output clocked by virtual_io_clock)
Path Type : setup

Point                                                             Incr      Path
--------------------------------------------------------------------------------
clock virtual_io_clock (rise edge)                               0.000     0.000
clock source latency                                             0.000     0.000
input external delay                                             0.000     0.000
i_38_.inpad[0] (.input)                                          0.000     0.000
n_n862.in[2] (.names)                                            1.009     1.009
n_n862.out[0] (.names)                                           0.261     1.270
[1316].in[3] (.names)                                            0.626     1.896
[1316].out[0] (.names)                                           0.261     2.157
[7269].in[0] (.names)                                            0.337     2.494
[7269].out[0] (.names)                                           0.261     2.755
[7271].in[3] (.names)                                            0.630     3.385
[7271].out[0] (.names)                                           0.261     3.646
o_23_.in[3] (.names)                                             0.100     3.746
o_23_.out[0] (.names)                                            0.261     4.007
out:o_23_.outpad[0] (.output)                                    0.255     4.261
data arrival time                                                          4.261

clock virtual_io_clock (rise edge)                               0.000     0.000
clock source latency                                             0.000     0.000
clock uncertainty                                                0.000     0.000
output external delay                                            0.000     0.000
data required time                                                         0.000
--------------------------------------------------------------------------------
data required time                                                         0.000
data arrival time                                                         -4.261
--------------------------------------------------------------------------------
slack (VIOLATED)                                                          -4.261


#Path 18
Startpoint: i_38_.inpad[0] (.input clocked by virtual_io_clock)
Endpoint  : out:o_31_.outpad[0] (.output clocked by virtual_io_clock)
Path Type : setup

Point                                                             Incr      Path
--------------------------------------------------------------------------------
clock virtual_io_clock (rise edge)                               0.000     0.000
clock source latency                                             0.000     0.000
input external delay                                             0.000     0.000
i_38_.inpad[0] (.input)                                          0.000     0.000
[54].in[2] (.names)                                              1.005     1.005
[54].out[0] (.names)                                             0.261     1.266
[245].in[3] (.names)                                             0.597     1.864
[245].out[0] (.names)                                            0.261     2.125
[7355].in[1] (.names)                                            0.600     2.725
[7355].out[0] (.names)                                           0.261     2.986
[7359].in[2] (.names)                                            0.337     3.323
[7359].out[0] (.names)                                           0.261     3.584
o_31_.in[2] (.names)                                             0.100     3.684
o_31_.out[0] (.names)                                            0.261     3.945
out:o_31_.outpad[0] (.output)                                    0.256     4.201
data arrival time                                                          4.201

clock virtual_io_clock (rise edge)                               0.000     0.000
clock source latency                                             0.000     0.000
clock uncertainty                                                0.000     0.000
output external delay                                            0.000     0.000
data required time                                                         0.000
--------------------------------------------------------------------------------
data required time                                                         0.000
data arrival time                                                         -4.201
--------------------------------------------------------------------------------
slack (VIOLATED)                                                          -4.201


#Path 19
Startpoint: i_37_.inpad[0] (.input clocked by virtual_io_clock)
Endpoint  : out:o_27_.outpad[0] (.output clocked by virtual_io_clock)
Path Type : setup

Point                                                             Incr      Path
--------------------------------------------------------------------------------
clock virtual_io_clock (rise edge)                               0.000     0.000
clock source latency                                             0.000     0.000
input external delay                                             0.000     0.000
i_37_.inpad[0] (.input)                                          0.000     0.000
n_n795.in[2] (.names)                                            0.888     0.888
n_n795.out[0] (.names)                                           0.261     1.149
n_n1993.in[2] (.names)                                           0.482     1.632
n_n1993.out[0] (.names)                                          0.261     1.893
[173].in[0] (.names)                                             0.694     2.587
[173].out[0] (.names)                                            0.261     2.848
n_n1628.in[2] (.names)                                           0.100     2.948
n_n1628.out[0] (.names)                                          0.261     3.209
o_27_.in[0] (.names)                                             0.433     3.642
o_27_.out[0] (.names)                                            0.261     3.903
out:o_27_.outpad[0] (.output)                                    0.256     4.158
data arrival time                                                          4.158

clock virtual_io_clock (rise edge)                               0.000     0.000
clock source latency                                             0.000     0.000
clock uncertainty                                                0.000     0.000
output external delay                                            0.000     0.000
data required time                                                         0.000
--------------------------------------------------------------------------------
data required time                                                         0.000
data arrival time                                                         -4.158
--------------------------------------------------------------------------------
slack (VIOLATED)                                                          -4.158


#Path 20
Startpoint: i_38_.inpad[0] (.input clocked by virtual_io_clock)
Endpoint  : out:o_9_.outpad[0] (.output clocked by virtual_io_clock)
Path Type : setup

Point                                                             Incr      Path
--------------------------------------------------------------------------------
clock virtual_io_clock (rise edge)                               0.000     0.000
clock source latency                                             0.000     0.000
input external delay                                             0.000     0.000
i_38_.inpad[0] (.input)                                          0.000     0.000
[400].in[2] (.names)                                             0.914     0.914
[400].out[0] (.names)                                            0.261     1.175
[6772].in[2] (.names)                                            0.456     1.631
[6772].out[0] (.names)                                           0.261     1.892
n_n1373.in[2] (.names)                                           0.434     2.326
n_n1373.out[0] (.names)                                          0.261     2.587
[7529].in[0] (.names)                                            0.415     3.002
[7529].out[0] (.names)                                           0.261     3.263
o_9_.in[0] (.names)                                              0.289     3.552
o_9_.out[0] (.names)                                             0.261     3.813
out:o_9_.outpad[0] (.output)                                     0.329     4.142
data arrival time                                                          4.142

clock virtual_io_clock (rise edge)                               0.000     0.000
clock source latency                                             0.000     0.000
clock uncertainty                                                0.000     0.000
output external delay                                            0.000     0.000
data required time                                                         0.000
--------------------------------------------------------------------------------
data required time                                                         0.000
data arrival time                                                         -4.142
--------------------------------------------------------------------------------
slack (VIOLATED)                                                          -4.142


#Path 21
Startpoint: i_40_.inpad[0] (.input clocked by virtual_io_clock)
Endpoint  : out:o_22_.outpad[0] (.output clocked by virtual_io_clock)
Path Type : setup

Point                                                             Incr      Path
--------------------------------------------------------------------------------
clock virtual_io_clock (rise edge)                               0.000     0.000
clock source latency                                             0.000     0.000
input external delay                                             0.000     0.000
i_40_.inpad[0] (.input)                                          0.000     0.000
[330].in[0] (.names)                                             1.034     1.034
[330].out[0] (.names)                                            0.261     1.295
[183].in[0] (.names)                                             0.486     1.780
[183].out[0] (.names)                                            0.261     2.041
[7220].in[0] (.names)                                            0.339     2.380
[7220].out[0] (.names)                                           0.261     2.641
[7223].in[3] (.names)                                            0.337     2.978
[7223].out[0] (.names)                                           0.261     3.239
o_22_.in[3] (.names)                                             0.338     3.577
o_22_.out[0] (.names)                                            0.261     3.838
out:o_22_.outpad[0] (.output)                                    0.256     4.094
data arrival time                                                          4.094

clock virtual_io_clock (rise edge)                               0.000     0.000
clock source latency                                             0.000     0.000
clock uncertainty                                                0.000     0.000
output external delay                                            0.000     0.000
data required time                                                         0.000
--------------------------------------------------------------------------------
data required time                                                         0.000
data arrival time                                                         -4.094
--------------------------------------------------------------------------------
slack (VIOLATED)                                                          -4.094


#Path 22
Startpoint: i_38_.inpad[0] (.input clocked by virtual_io_clock)
Endpoint  : out:o_30_.outpad[0] (.output clocked by virtual_io_clock)
Path Type : setup

Point                                                             Incr      Path
--------------------------------------------------------------------------------
clock virtual_io_clock (rise edge)                               0.000     0.000
clock source latency                                             0.000     0.000
input external delay                                             0.000     0.000
i_38_.inpad[0] (.input)                                          0.000     0.000
n_n967.in[2] (.names)                                            0.771     0.771
n_n967.out[0] (.names)                                           0.261     1.032
n_n1971.in[1] (.names)                                           0.631     1.663
n_n1971.out[0] (.names)                                          0.261     1.924
[7458].in[1] (.names)                                            0.870     2.794
[7458].out[0] (.names)                                           0.261     3.055
[7463].in[1] (.names)                                            0.100     3.155
[7463].out[0] (.names)                                           0.261     3.416
o_30_.in[3] (.names)                                             0.100     3.516
o_30_.out[0] (.names)                                            0.261     3.777
out:o_30_.outpad[0] (.output)                                    0.230     4.006
data arrival time                                                          4.006

clock virtual_io_clock (rise edge)                               0.000     0.000
clock source latency                                             0.000     0.000
clock uncertainty                                                0.000     0.000
output external delay                                            0.000     0.000
data required time                                                         0.000
--------------------------------------------------------------------------------
data required time                                                         0.000
data arrival time                                                         -4.006
--------------------------------------------------------------------------------
slack (VIOLATED)                                                          -4.006


#Path 23
Startpoint: i_40_.inpad[0] (.input clocked by virtual_io_clock)
Endpoint  : out:o_21_.outpad[0] (.output clocked by virtual_io_clock)
Path Type : setup

Point                                                             Incr      Path
--------------------------------------------------------------------------------
clock virtual_io_clock (rise edge)                               0.000     0.000
clock source latency                                             0.000     0.000
input external delay                                             0.000     0.000
i_40_.inpad[0] (.input)                                          0.000     0.000
n_n969.in[0] (.names)                                            0.792     0.792
n_n969.out[0] (.names)                                           0.261     1.053
[1521].in[2] (.names)                                            0.777     1.830
[1521].out[0] (.names)                                           0.261     2.091
n_n1525.in[3] (.names)                                           0.436     2.526
n_n1525.out[0] (.names)                                          0.261     2.787
o_21_.in[0] (.names)                                             0.483     3.271
o_21_.out[0] (.names)                                            0.261     3.532
out:o_21_.outpad[0] (.output)                                    0.466     3.998
data arrival time                                                          3.998

clock virtual_io_clock (rise edge)                               0.000     0.000
clock source latency                                             0.000     0.000
clock uncertainty                                                0.000     0.000
output external delay                                            0.000     0.000
data required time                                                         0.000
--------------------------------------------------------------------------------
data required time                                                         0.000
data arrival time                                                         -3.998
--------------------------------------------------------------------------------
slack (VIOLATED)                                                          -3.998


#Path 24
Startpoint: i_38_.inpad[0] (.input clocked by virtual_io_clock)
Endpoint  : out:o_26_.outpad[0] (.output clocked by virtual_io_clock)
Path Type : setup

Point                                                             Incr      Path
--------------------------------------------------------------------------------
clock virtual_io_clock (rise edge)                               0.000     0.000
clock source latency                                             0.000     0.000
input external delay                                             0.000     0.000
i_38_.inpad[0] (.input)                                          0.000     0.000
n_n1072.in[2] (.names)                                           0.768     0.768
n_n1072.out[0] (.names)                                          0.261     1.029
n_n1951.in[1] (.names)                                           0.630     1.659
n_n1951.out[0] (.names)                                          0.261     1.920
[7001].in[1] (.names)                                            0.290     2.210
[7001].out[0] (.names)                                           0.261     2.471
[7005].in[2] (.names)                                            0.485     2.955
[7005].out[0] (.names)                                           0.261     3.216
o_26_.in[3] (.names)                                             0.100     3.316
o_26_.out[0] (.names)                                            0.261     3.577
out:o_26_.outpad[0] (.output)                                    0.371     3.948
data arrival time                                                          3.948

clock virtual_io_clock (rise edge)                               0.000     0.000
clock source latency                                             0.000     0.000
clock uncertainty                                                0.000     0.000
output external delay                                            0.000     0.000
data required time                                                         0.000
--------------------------------------------------------------------------------
data required time                                                         0.000
data arrival time                                                         -3.948
--------------------------------------------------------------------------------
slack (VIOLATED)                                                          -3.948


#Path 25
Startpoint: i_33_.inpad[0] (.input clocked by virtual_io_clock)
Endpoint  : out:o_29_.outpad[0] (.output clocked by virtual_io_clock)
Path Type : setup

Point                                                             Incr      Path
--------------------------------------------------------------------------------
clock virtual_io_clock (rise edge)                               0.000     0.000
clock source latency                                             0.000     0.000
input external delay                                             0.000     0.000
i_33_.inpad[0] (.input)                                          0.000     0.000
n_n945.in[2] (.names)                                            0.935     0.935
n_n945.out[0] (.names)                                           0.261     1.196
[1701].in[0] (.names)                                            0.626     1.822
[1701].out[0] (.names)                                           0.261     2.083
[1693].in[3] (.names)                                            0.465     2.547
[1693].out[0] (.names)                                           0.261     2.808
o_29_.in[0] (.names)                                             0.483     3.292
o_29_.out[0] (.names)                                            0.261     3.553
out:o_29_.outpad[0] (.output)                                    0.390     3.943
data arrival time                                                          3.943

clock virtual_io_clock (rise edge)                               0.000     0.000
clock source latency                                             0.000     0.000
clock uncertainty                                                0.000     0.000
output external delay                                            0.000     0.000
data required time                                                         0.000
--------------------------------------------------------------------------------
data required time                                                         0.000
data arrival time                                                         -3.943
--------------------------------------------------------------------------------
slack (VIOLATED)                                                          -3.943


#Path 26
Startpoint: i_34_.inpad[0] (.input clocked by virtual_io_clock)
Endpoint  : out:o_10_.outpad[0] (.output clocked by virtual_io_clock)
Path Type : setup

Point                                                             Incr      Path
--------------------------------------------------------------------------------
clock virtual_io_clock (rise edge)                               0.000     0.000
clock source latency                                             0.000     0.000
input external delay                                             0.000     0.000
i_34_.inpad[0] (.input)                                          0.000     0.000
n_n1074.in[1] (.names)                                           0.645     0.645
n_n1074.out[0] (.names)                                          0.261     0.906
[303].in[3] (.names)                                             0.483     1.390
[303].out[0] (.names)                                            0.261     1.651
[1039].in[3] (.names)                                            0.446     2.097
[1039].out[0] (.names)                                           0.261     2.358
[1031].in[3] (.names)                                            0.588     2.946
[1031].out[0] (.names)                                           0.261     3.207
o_10_.in[0] (.names)                                             0.100     3.307
o_10_.out[0] (.names)                                            0.261     3.568
out:o_10_.outpad[0] (.output)                                    0.351     3.920
data arrival time                                                          3.920

clock virtual_io_clock (rise edge)                               0.000     0.000
clock source latency                                             0.000     0.000
clock uncertainty                                                0.000     0.000
output external delay                                            0.000     0.000
data required time                                                         0.000
--------------------------------------------------------------------------------
data required time                                                         0.000
data arrival time                                                         -3.920
--------------------------------------------------------------------------------
slack (VIOLATED)                                                          -3.920


#Path 27
Startpoint: i_34_.inpad[0] (.input clocked by virtual_io_clock)
Endpoint  : out:o_16_.outpad[0] (.output clocked by virtual_io_clock)
Path Type : setup

Point                                                             Incr      Path
--------------------------------------------------------------------------------
clock virtual_io_clock (rise edge)                               0.000     0.000
clock source latency                                             0.000     0.000
input external delay                                             0.000     0.000
i_34_.inpad[0] (.input)                                          0.000     0.000
n_n1074.in[1] (.names)                                           0.645     0.645
n_n1074.out[0] (.names)                                          0.261     0.906
[1496].in[2] (.names)                                            0.769     1.675
[1496].out[0] (.names)                                           0.261     1.936
[7119].in[2] (.names)                                            0.629     2.565
[7119].out[0] (.names)                                           0.261     2.826
o_16_.in[3] (.names)                                             0.100     2.926
o_16_.out[0] (.names)                                            0.261     3.187
out:o_16_.outpad[0] (.output)                                    0.677     3.864
data arrival time                                                          3.864

clock virtual_io_clock (rise edge)                               0.000     0.000
clock source latency                                             0.000     0.000
clock uncertainty                                                0.000     0.000
output external delay                                            0.000     0.000
data required time                                                         0.000
--------------------------------------------------------------------------------
data required time                                                         0.000
data arrival time                                                         -3.864
--------------------------------------------------------------------------------
slack (VIOLATED)                                                          -3.864


#Path 28
Startpoint: i_37_.inpad[0] (.input clocked by virtual_io_clock)
Endpoint  : out:o_19_.outpad[0] (.output clocked by virtual_io_clock)
Path Type : setup

Point                                                             Incr      Path
--------------------------------------------------------------------------------
clock virtual_io_clock (rise edge)                               0.000     0.000
clock source latency                                             0.000     0.000
input external delay                                             0.000     0.000
i_37_.inpad[0] (.input)                                          0.000     0.000
n_n1061.in[2] (.names)                                           0.791     0.791
n_n1061.out[0] (.names)                                          0.261     1.052
[546].in[0] (.names)                                             0.628     1.680
[546].out[0] (.names)                                            0.261     1.941
[1870].in[1] (.names)                                            0.335     2.275
[1870].out[0] (.names)                                           0.261     2.536
o_19_.in[1] (.names)                                             0.338     2.874
o_19_.out[0] (.names)                                            0.261     3.135
out:o_19_.outpad[0] (.output)                                    0.402     3.538
data arrival time                                                          3.538

clock virtual_io_clock (rise edge)                               0.000     0.000
clock source latency                                             0.000     0.000
clock uncertainty                                                0.000     0.000
output external delay                                            0.000     0.000
data required time                                                         0.000
--------------------------------------------------------------------------------
data required time                                                         0.000
data arrival time                                                         -3.538
--------------------------------------------------------------------------------
slack (VIOLATED)                                                          -3.538


#Path 29
Startpoint: i_38_.inpad[0] (.input clocked by virtual_io_clock)
Endpoint  : out:o_28_.outpad[0] (.output clocked by virtual_io_clock)
Path Type : setup

Point                                                             Incr      Path
--------------------------------------------------------------------------------
clock virtual_io_clock (rise edge)                               0.000     0.000
clock source latency                                             0.000     0.000
input external delay                                             0.000     0.000
i_38_.inpad[0] (.input)                                          0.000     0.000
n_n967.in[2] (.names)                                            0.771     0.771
n_n967.out[0] (.names)                                           0.261     1.032
n_n1971.in[1] (.names)                                           0.631     1.663
n_n1971.out[0] (.names)                                          0.261     1.924
o_28_.in[0] (.names)                                             0.875     2.799
o_28_.out[0] (.names)                                            0.261     3.060
out:o_28_.outpad[0] (.output)                                    0.332     3.392
data arrival time                                                          3.392

clock virtual_io_clock (rise edge)                               0.000     0.000
clock source latency                                             0.000     0.000
clock uncertainty                                                0.000     0.000
output external delay                                            0.000     0.000
data required time                                                         0.000
--------------------------------------------------------------------------------
data required time                                                         0.000
data arrival time                                                         -3.392
--------------------------------------------------------------------------------
slack (VIOLATED)                                                          -3.392


#Path 30
Startpoint: i_37_.inpad[0] (.input clocked by virtual_io_clock)
Endpoint  : out:o_12_.outpad[0] (.output clocked by virtual_io_clock)
Path Type : setup

Point                                                             Incr      Path
--------------------------------------------------------------------------------
clock virtual_io_clock (rise edge)                               0.000     0.000
clock source latency                                             0.000     0.000
input external delay                                             0.000     0.000
i_37_.inpad[0] (.input)                                          0.000     0.000
[100].in[1] (.names)                                             1.032     1.032
[100].out[0] (.names)                                            0.261     1.293
[1650].in[3] (.names)                                            0.604     1.896
[1650].out[0] (.names)                                           0.261     2.157
o_12_.in[1] (.names)                                             0.100     2.257
o_12_.out[0] (.names)                                            0.261     2.518
out:o_12_.outpad[0] (.output)                                    0.771     3.290
data arrival time                                                          3.290

clock virtual_io_clock (rise edge)                               0.000     0.000
clock source latency                                             0.000     0.000
clock uncertainty                                                0.000     0.000
output external delay                                            0.000     0.000
data required time                                                         0.000
--------------------------------------------------------------------------------
data required time                                                         0.000
data arrival time                                                         -3.290
--------------------------------------------------------------------------------
slack (VIOLATED)                                                          -3.290


#Path 31
Startpoint: i_35_.inpad[0] (.input clocked by virtual_io_clock)
Endpoint  : out:o_13_.outpad[0] (.output clocked by virtual_io_clock)
Path Type : setup

Point                                                             Incr      Path
--------------------------------------------------------------------------------
clock virtual_io_clock (rise edge)                               0.000     0.000
clock source latency                                             0.000     0.000
input external delay                                             0.000     0.000
i_35_.inpad[0] (.input)                                          0.000     0.000
n_n968.in[1] (.names)                                            0.431     0.431
n_n968.out[0] (.names)                                           0.261     0.692
[225].in[1] (.names)                                             0.970     1.663
[225].out[0] (.names)                                            0.261     1.924
o_13_.in[0] (.names)                                             0.470     2.394
o_13_.out[0] (.names)                                            0.261     2.655
out:o_13_.outpad[0] (.output)                                    0.306     2.961
data arrival time                                                          2.961

clock virtual_io_clock (rise edge)                               0.000     0.000
clock source latency                                             0.000     0.000
clock uncertainty                                                0.000     0.000
output external delay                                            0.000     0.000
data required time                                                         0.000
--------------------------------------------------------------------------------
data required time                                                         0.000
data arrival time                                                         -2.961
--------------------------------------------------------------------------------
slack (VIOLATED)                                                          -2.961


#Path 32
Startpoint: i_33_.inpad[0] (.input clocked by virtual_io_clock)
Endpoint  : out:o_8_.outpad[0] (.output clocked by virtual_io_clock)
Path Type : setup

Point                                                             Incr      Path
--------------------------------------------------------------------------------
clock virtual_io_clock (rise edge)                               0.000     0.000
clock source latency                                             0.000     0.000
input external delay                                             0.000     0.000
i_33_.inpad[0] (.input)                                          0.000     0.000
o_15_.in[1] (.names)                                             0.935     0.935
o_15_.out[0] (.names)                                            0.261     1.196
[7550].in[0] (.names)                                            0.579     1.775
[7550].out[0] (.names)                                           0.261     2.036
o_8_.in[3] (.names)                                              0.100     2.136
o_8_.out[0] (.names)                                             0.261     2.397
out:o_8_.outpad[0] (.output)                                     0.497     2.894
data arrival time                                                          2.894

clock virtual_io_clock (rise edge)                               0.000     0.000
clock source latency                                             0.000     0.000
clock uncertainty                                                0.000     0.000
output external delay                                            0.000     0.000
data required time                                                         0.000
--------------------------------------------------------------------------------
data required time                                                         0.000
data arrival time                                                         -2.894
--------------------------------------------------------------------------------
slack (VIOLATED)                                                          -2.894


#Path 33
Startpoint: i_36_.inpad[0] (.input clocked by virtual_io_clock)
Endpoint  : out:o_14_.outpad[0] (.output clocked by virtual_io_clock)
Path Type : setup

Point                                                             Incr      Path
--------------------------------------------------------------------------------
clock virtual_io_clock (rise edge)                               0.000     0.000
clock source latency                                             0.000     0.000
input external delay                                             0.000     0.000
i_36_.inpad[0] (.input)                                          0.000     0.000
n_n1002.in[1] (.names)                                           0.940     0.940
n_n1002.out[0] (.names)                                          0.261     1.201
[1588].in[2] (.names)                                            0.770     1.971
[1588].out[0] (.names)                                           0.261     2.232
o_14_.in[1] (.names)                                             0.100     2.332
o_14_.out[0] (.names)                                            0.261     2.593
out:o_14_.outpad[0] (.output)                                    0.256     2.848
data arrival time                                                          2.848

clock virtual_io_clock (rise edge)                               0.000     0.000
clock source latency                                             0.000     0.000
clock uncertainty                                                0.000     0.000
output external delay                                            0.000     0.000
data required time                                                         0.000
--------------------------------------------------------------------------------
data required time                                                         0.000
data arrival time                                                         -2.848
--------------------------------------------------------------------------------
slack (VIOLATED)                                                          -2.848


#Path 34
Startpoint: i_7_.inpad[0] (.input clocked by virtual_io_clock)
Endpoint  : out:o_32_.outpad[0] (.output clocked by virtual_io_clock)
Path Type : setup

Point                                                             Incr      Path
--------------------------------------------------------------------------------
clock virtual_io_clock (rise edge)                               0.000     0.000
clock source latency                                             0.000     0.000
input external delay                                             0.000     0.000
i_7_.inpad[0] (.input)                                           0.000     0.000
[88].in[1] (.names)                                              0.931     0.931
[88].out[0] (.names)                                             0.261     1.192
o_32_.in[1] (.names)                                             0.483     1.675
o_32_.out[0] (.names)                                            0.261     1.936
out:o_32_.outpad[0] (.output)                                    0.882     2.818
data arrival time                                                          2.818

clock virtual_io_clock (rise edge)                               0.000     0.000
clock source latency                                             0.000     0.000
clock uncertainty                                                0.000     0.000
output external delay                                            0.000     0.000
data required time                                                         0.000
--------------------------------------------------------------------------------
data required time                                                         0.000
data arrival time                                                         -2.818
--------------------------------------------------------------------------------
slack (VIOLATED)                                                          -2.818


#Path 35
Startpoint: i_33_.inpad[0] (.input clocked by virtual_io_clock)
Endpoint  : out:o_15_.outpad[0] (.output clocked by virtual_io_clock)
Path Type : setup

Point                                                             Incr      Path
--------------------------------------------------------------------------------
clock virtual_io_clock (rise edge)                               0.000     0.000
clock source latency                                             0.000     0.000
input external delay                                             0.000     0.000
i_33_.inpad[0] (.input)                                          0.000     0.000
o_15_.in[1] (.names)                                             0.935     0.935
o_15_.out[0] (.names)                                            0.261     1.196
out:o_15_.outpad[0] (.output)                                    0.788     1.984
data arrival time                                                          1.984

clock virtual_io_clock (rise edge)                               0.000     0.000
clock source latency                                             0.000     0.000
clock uncertainty                                                0.000     0.000
output external delay                                            0.000     0.000
data required time                                                         0.000
--------------------------------------------------------------------------------
data required time                                                         0.000
data arrival time                                                         -1.984
--------------------------------------------------------------------------------
slack (VIOLATED)                                                          -1.984


#End of timing report
