#Timing report of worst 35 path(s)
# Unit scale: 1e-09 seconds
# Output precision: 3

#Path 1
Startpoint: i_24_.inpad[0] (.input clocked by virtual_io_clock)
Endpoint  : out:o_30_.outpad[0] (.output clocked by virtual_io_clock)
Path Type : hold

Point                                                             Incr      Path
--------------------------------------------------------------------------------
clock virtual_io_clock (rise edge)                               0.000     0.000
clock source latency                                             0.000     0.000
input external delay                                             0.000     0.000
i_24_.inpad[0] (.input)                                          0.000     0.000
o_30_.in[0] (.names)                                             0.361     0.361
o_30_.out[0] (.names)                                            0.261     0.622
out:o_30_.outpad[0] (.output)                                    0.191     0.813
data arrival time                                                          0.813

clock virtual_io_clock (rise edge)                               0.000     0.000
clock source latency                                             0.000     0.000
clock uncertainty                                                0.000     0.000
output external delay                                            0.000     0.000
data required time                                                         0.000
--------------------------------------------------------------------------------
data required time                                                        -0.000
data arrival time                                                          0.813
--------------------------------------------------------------------------------
slack (MET)                                                                0.813


#Path 2
Startpoint: i_22_.inpad[0] (.input clocked by virtual_io_clock)
Endpoint  : out:o_31_.outpad[0] (.output clocked by virtual_io_clock)
Path Type : hold

Point                                                             Incr      Path
--------------------------------------------------------------------------------
clock virtual_io_clock (rise edge)                               0.000     0.000
clock source latency                                             0.000     0.000
input external delay                                             0.000     0.000
i_22_.inpad[0] (.input)                                          0.000     0.000
o_31_.in[0] (.names)                                             0.361     0.361
o_31_.out[0] (.names)                                            0.261     0.622
out:o_31_.outpad[0] (.output)                                    0.217     0.839
data arrival time                                                          0.839

clock virtual_io_clock (rise edge)                               0.000     0.000
clock source latency                                             0.000     0.000
clock uncertainty                                                0.000     0.000
output external delay                                            0.000     0.000
data required time                                                         0.000
--------------------------------------------------------------------------------
data required time                                                        -0.000
data arrival time                                                          0.839
--------------------------------------------------------------------------------
slack (MET)                                                                0.839


#Path 3
Startpoint: i_40_.inpad[0] (.input clocked by virtual_io_clock)
Endpoint  : out:o_28_.outpad[0] (.output clocked by virtual_io_clock)
Path Type : hold

Point                                                             Incr      Path
--------------------------------------------------------------------------------
clock virtual_io_clock (rise edge)                               0.000     0.000
clock source latency                                             0.000     0.000
input external delay                                             0.000     0.000
i_40_.inpad[0] (.input)                                          0.000     0.000
[7043].in[0] (.names)                                            0.218     0.218
[7043].out[0] (.names)                                           0.261     0.479
o_28_.in[3] (.names)                                             0.000     0.479
o_28_.out[0] (.names)                                            0.261     0.740
out:o_28_.outpad[0] (.output)                                    0.293     1.033
data arrival time                                                          1.033

clock virtual_io_clock (rise edge)                               0.000     0.000
clock source latency                                             0.000     0.000
clock uncertainty                                                0.000     0.000
output external delay                                            0.000     0.000
data required time                                                         0.000
--------------------------------------------------------------------------------
data required time                                                        -0.000
data arrival time                                                          1.033
--------------------------------------------------------------------------------
slack (MET)                                                                1.033


#Path 4
Startpoint: i_20_.inpad[0] (.input clocked by virtual_io_clock)
Endpoint  : out:o_10_.outpad[0] (.output clocked by virtual_io_clock)
Path Type : hold

Point                                                             Incr      Path
--------------------------------------------------------------------------------
clock virtual_io_clock (rise edge)                               0.000     0.000
clock source latency                                             0.000     0.000
input external delay                                             0.000     0.000
i_20_.inpad[0] (.input)                                          0.000     0.000
[1031].in[0] (.names)                                            0.288     0.288
[1031].out[0] (.names)                                           0.261     0.549
o_10_.in[0] (.names)                                             0.000     0.549
o_10_.out[0] (.names)                                            0.261     0.810
out:o_10_.outpad[0] (.output)                                    0.312     1.123
data arrival time                                                          1.123

clock virtual_io_clock (rise edge)                               0.000     0.000
clock source latency                                             0.000     0.000
clock uncertainty                                                0.000     0.000
output external delay                                            0.000     0.000
data required time                                                         0.000
--------------------------------------------------------------------------------
data required time                                                        -0.000
data arrival time                                                          1.123
--------------------------------------------------------------------------------
slack (MET)                                                                1.123


#Path 5
Startpoint: i_0_.inpad[0] (.input clocked by virtual_io_clock)
Endpoint  : out:o_26_.outpad[0] (.output clocked by virtual_io_clock)
Path Type : hold

Point                                                             Incr      Path
--------------------------------------------------------------------------------
clock virtual_io_clock (rise edge)                               0.000     0.000
clock source latency                                             0.000     0.000
input external delay                                             0.000     0.000
i_0_.inpad[0] (.input)                                           0.000     0.000
[6994].in[0] (.names)                                            0.215     0.215
[6994].out[0] (.names)                                           0.261     0.476
o_26_.in[1] (.names)                                             0.296     0.772
o_26_.out[0] (.names)                                            0.261     1.033
out:o_26_.outpad[0] (.output)                                    0.332     1.364
data arrival time                                                          1.364

clock virtual_io_clock (rise edge)                               0.000     0.000
clock source latency                                             0.000     0.000
clock uncertainty                                                0.000     0.000
output external delay                                            0.000     0.000
data required time                                                         0.000
--------------------------------------------------------------------------------
data required time                                                        -0.000
data arrival time                                                          1.364
--------------------------------------------------------------------------------
slack (MET)                                                                1.364


#Path 6
Startpoint: i_33_.inpad[0] (.input clocked by virtual_io_clock)
Endpoint  : out:o_21_.outpad[0] (.output clocked by virtual_io_clock)
Path Type : hold

Point                                                             Incr      Path
--------------------------------------------------------------------------------
clock virtual_io_clock (rise edge)                               0.000     0.000
clock source latency                                             0.000     0.000
input external delay                                             0.000     0.000
i_33_.inpad[0] (.input)                                          0.000     0.000
[7110].in[0] (.names)                                            0.482     0.482
[7110].out[0] (.names)                                           0.261     0.743
o_21_.in[3] (.names)                                             0.000     0.743
o_21_.out[0] (.names)                                            0.261     1.004
out:o_21_.outpad[0] (.output)                                    0.427     1.431
data arrival time                                                          1.431

clock virtual_io_clock (rise edge)                               0.000     0.000
clock source latency                                             0.000     0.000
clock uncertainty                                                0.000     0.000
output external delay                                            0.000     0.000
data required time                                                         0.000
--------------------------------------------------------------------------------
data required time                                                        -0.000
data arrival time                                                          1.431
--------------------------------------------------------------------------------
slack (MET)                                                                1.431


#Path 7
Startpoint: i_38_.inpad[0] (.input clocked by virtual_io_clock)
Endpoint  : out:o_22_.outpad[0] (.output clocked by virtual_io_clock)
Path Type : hold

Point                                                             Incr      Path
--------------------------------------------------------------------------------
clock virtual_io_clock (rise edge)                               0.000     0.000
clock source latency                                             0.000     0.000
input external delay                                             0.000     0.000
i_38_.inpad[0] (.input)                                          0.000     0.000
n_n1530.in[0] (.names)                                           0.722     0.722
n_n1530.out[0] (.names)                                          0.261     0.983
o_22_.in[0] (.names)                                             0.000     0.983
o_22_.out[0] (.names)                                            0.261     1.244
out:o_22_.outpad[0] (.output)                                    0.217     1.460
data arrival time                                                          1.460

clock virtual_io_clock (rise edge)                               0.000     0.000
clock source latency                                             0.000     0.000
clock uncertainty                                                0.000     0.000
output external delay                                            0.000     0.000
data required time                                                         0.000
--------------------------------------------------------------------------------
data required time                                                        -0.000
data arrival time                                                          1.460
--------------------------------------------------------------------------------
slack (MET)                                                                1.460


#Path 8
Startpoint: i_7_.inpad[0] (.input clocked by virtual_io_clock)
Endpoint  : out:o_9_.outpad[0] (.output clocked by virtual_io_clock)
Path Type : hold

Point                                                             Incr      Path
--------------------------------------------------------------------------------
clock virtual_io_clock (rise edge)                               0.000     0.000
clock source latency                                             0.000     0.000
input external delay                                             0.000     0.000
i_7_.inpad[0] (.input)                                           0.000     0.000
[7523].in[0] (.names)                                            0.479     0.479
[7523].out[0] (.names)                                           0.261     0.740
[7530].in[2] (.names)                                            0.000     0.740
[7530].out[0] (.names)                                           0.261     1.001
o_9_.in[1] (.names)                                              0.000     1.001
o_9_.out[0] (.names)                                             0.261     1.262
out:o_9_.outpad[0] (.output)                                     0.290     1.552
data arrival time                                                          1.552

clock virtual_io_clock (rise edge)                               0.000     0.000
clock source latency                                             0.000     0.000
clock uncertainty                                                0.000     0.000
output external delay                                            0.000     0.000
data required time                                                         0.000
--------------------------------------------------------------------------------
data required time                                                        -0.000
data arrival time                                                          1.552
--------------------------------------------------------------------------------
slack (MET)                                                                1.552


#Path 9
Startpoint: i_33_.inpad[0] (.input clocked by virtual_io_clock)
Endpoint  : out:o_17_.outpad[0] (.output clocked by virtual_io_clock)
Path Type : hold

Point                                                             Incr      Path
--------------------------------------------------------------------------------
clock virtual_io_clock (rise edge)                               0.000     0.000
clock source latency                                             0.000     0.000
input external delay                                             0.000     0.000
i_33_.inpad[0] (.input)                                          0.000     0.000
[7446].in[1] (.names)                                            0.217     0.217
[7446].out[0] (.names)                                           0.261     0.478
[7447].in[3] (.names)                                            0.000     0.478
[7447].out[0] (.names)                                           0.261     0.739
o_17_.in[3] (.names)                                             0.307     1.046
o_17_.out[0] (.names)                                            0.261     1.307
out:o_17_.outpad[0] (.output)                                    0.269     1.576
data arrival time                                                          1.576

clock virtual_io_clock (rise edge)                               0.000     0.000
clock source latency                                             0.000     0.000
clock uncertainty                                                0.000     0.000
output external delay                                            0.000     0.000
data required time                                                         0.000
--------------------------------------------------------------------------------
data required time                                                        -0.000
data arrival time                                                          1.576
--------------------------------------------------------------------------------
slack (MET)                                                                1.576


#Path 10
Startpoint: i_8_.inpad[0] (.input clocked by virtual_io_clock)
Endpoint  : out:o_12_.outpad[0] (.output clocked by virtual_io_clock)
Path Type : hold

Point                                                             Incr      Path
--------------------------------------------------------------------------------
clock virtual_io_clock (rise edge)                               0.000     0.000
clock source latency                                             0.000     0.000
input external delay                                             0.000     0.000
i_8_.inpad[0] (.input)                                           0.000     0.000
[6991].in[0] (.names)                                            0.336     0.336
[6991].out[0] (.names)                                           0.261     0.597
o_12_.in[3] (.names)                                             0.000     0.597
o_12_.out[0] (.names)                                            0.261     0.858
out:o_12_.outpad[0] (.output)                                    0.732     1.590
data arrival time                                                          1.590

clock virtual_io_clock (rise edge)                               0.000     0.000
clock source latency                                             0.000     0.000
clock uncertainty                                                0.000     0.000
output external delay                                            0.000     0.000
data required time                                                         0.000
--------------------------------------------------------------------------------
data required time                                                        -0.000
data arrival time                                                          1.590
--------------------------------------------------------------------------------
slack (MET)                                                                1.590


#Path 11
Startpoint: i_13_.inpad[0] (.input clocked by virtual_io_clock)
Endpoint  : out:o_14_.outpad[0] (.output clocked by virtual_io_clock)
Path Type : hold

Point                                                             Incr      Path
--------------------------------------------------------------------------------
clock virtual_io_clock (rise edge)                               0.000     0.000
clock source latency                                             0.000     0.000
input external delay                                             0.000     0.000
i_13_.inpad[0] (.input)                                          0.000     0.000
[1588].in[0] (.names)                                            0.854     0.854
[1588].out[0] (.names)                                           0.261     1.115
o_14_.in[1] (.names)                                             0.000     1.115
o_14_.out[0] (.names)                                            0.261     1.376
out:o_14_.outpad[0] (.output)                                    0.217     1.593
data arrival time                                                          1.593

clock virtual_io_clock (rise edge)                               0.000     0.000
clock source latency                                             0.000     0.000
clock uncertainty                                                0.000     0.000
output external delay                                            0.000     0.000
data required time                                                         0.000
--------------------------------------------------------------------------------
data required time                                                        -0.000
data arrival time                                                          1.593
--------------------------------------------------------------------------------
slack (MET)                                                                1.593


#Path 12
Startpoint: i_40_.inpad[0] (.input clocked by virtual_io_clock)
Endpoint  : out:o_29_.outpad[0] (.output clocked by virtual_io_clock)
Path Type : hold

Point                                                             Incr      Path
--------------------------------------------------------------------------------
clock virtual_io_clock (rise edge)                               0.000     0.000
clock source latency                                             0.000     0.000
input external delay                                             0.000     0.000
i_40_.inpad[0] (.input)                                          0.000     0.000
[366].in[0] (.names)                                             0.477     0.477
[366].out[0] (.names)                                            0.261     0.738
[6934].in[0] (.names)                                            0.000     0.738
[6934].out[0] (.names)                                           0.261     0.999
o_29_.in[2] (.names)                                             0.000     0.999
o_29_.out[0] (.names)                                            0.261     1.260
out:o_29_.outpad[0] (.output)                                    0.351     1.611
data arrival time                                                          1.611

clock virtual_io_clock (rise edge)                               0.000     0.000
clock source latency                                             0.000     0.000
clock uncertainty                                                0.000     0.000
output external delay                                            0.000     0.000
data required time                                                         0.000
--------------------------------------------------------------------------------
data required time                                                        -0.000
data arrival time                                                          1.611
--------------------------------------------------------------------------------
slack (MET)                                                                1.611


#Path 13
Startpoint: i_12_.inpad[0] (.input clocked by virtual_io_clock)
Endpoint  : out:o_7_.outpad[0] (.output clocked by virtual_io_clock)
Path Type : hold

Point                                                             Incr      Path
--------------------------------------------------------------------------------
clock virtual_io_clock (rise edge)                               0.000     0.000
clock source latency                                             0.000     0.000
input external delay                                             0.000     0.000
i_12_.inpad[0] (.input)                                          0.000     0.000
[1836].in[0] (.names)                                            0.311     0.311
[1836].out[0] (.names)                                           0.261     0.572
[7547].in[3] (.names)                                            0.194     0.766
[7547].out[0] (.names)                                           0.261     1.027
o_7_.in[2] (.names)                                              0.000     1.027
o_7_.out[0] (.names)                                             0.261     1.288
out:o_7_.outpad[0] (.output)                                     0.336     1.624
data arrival time                                                          1.624

clock virtual_io_clock (rise edge)                               0.000     0.000
clock source latency                                             0.000     0.000
clock uncertainty                                                0.000     0.000
output external delay                                            0.000     0.000
data required time                                                         0.000
--------------------------------------------------------------------------------
data required time                                                        -0.000
data arrival time                                                          1.624
--------------------------------------------------------------------------------
slack (MET)                                                                1.624


#Path 14
Startpoint: i_6_.inpad[0] (.input clocked by virtual_io_clock)
Endpoint  : out:o_19_.outpad[0] (.output clocked by virtual_io_clock)
Path Type : hold

Point                                                             Incr      Path
--------------------------------------------------------------------------------
clock virtual_io_clock (rise edge)                               0.000     0.000
clock source latency                                             0.000     0.000
input external delay                                             0.000     0.000
i_6_.inpad[0] (.input)                                           0.000     0.000
[1870].in[0] (.names)                                            0.578     0.578
[1870].out[0] (.names)                                           0.261     0.839
o_19_.in[1] (.names)                                             0.218     1.057
o_19_.out[0] (.names)                                            0.261     1.318
out:o_19_.outpad[0] (.output)                                    0.363     1.682
data arrival time                                                          1.682

clock virtual_io_clock (rise edge)                               0.000     0.000
clock source latency                                             0.000     0.000
clock uncertainty                                                0.000     0.000
output external delay                                            0.000     0.000
data required time                                                         0.000
--------------------------------------------------------------------------------
data required time                                                        -0.000
data arrival time                                                          1.682
--------------------------------------------------------------------------------
slack (MET)                                                                1.682


#Path 15
Startpoint: i_33_.inpad[0] (.input clocked by virtual_io_clock)
Endpoint  : out:o_23_.outpad[0] (.output clocked by virtual_io_clock)
Path Type : hold

Point                                                             Incr      Path
--------------------------------------------------------------------------------
clock virtual_io_clock (rise edge)                               0.000     0.000
clock source latency                                             0.000     0.000
input external delay                                             0.000     0.000
i_33_.inpad[0] (.input)                                          0.000     0.000
[46].in[1] (.names)                                              0.360     0.360
[46].out[0] (.names)                                             0.261     0.621
n_n1552.in[0] (.names)                                           0.338     0.959
n_n1552.out[0] (.names)                                          0.261     1.220
o_23_.in[1] (.names)                                             0.000     1.220
o_23_.out[0] (.names)                                            0.261     1.481
out:o_23_.outpad[0] (.output)                                    0.216     1.697
data arrival time                                                          1.697

clock virtual_io_clock (rise edge)                               0.000     0.000
clock source latency                                             0.000     0.000
clock uncertainty                                                0.000     0.000
output external delay                                            0.000     0.000
data required time                                                         0.000
--------------------------------------------------------------------------------
data required time                                                        -0.000
data arrival time                                                          1.697
--------------------------------------------------------------------------------
slack (MET)                                                                1.697


#Path 16
Startpoint: i_35_.inpad[0] (.input clocked by virtual_io_clock)
Endpoint  : out:o_8_.outpad[0] (.output clocked by virtual_io_clock)
Path Type : hold

Point                                                             Incr      Path
--------------------------------------------------------------------------------
clock virtual_io_clock (rise edge)                               0.000     0.000
clock source latency                                             0.000     0.000
input external delay                                             0.000     0.000
i_35_.inpad[0] (.input)                                          0.000     0.000
n_n1012.in[1] (.names)                                           0.503     0.503
n_n1012.out[0] (.names)                                          0.261     0.764
o_8_.in[2] (.names)                                              0.216     0.980
o_8_.out[0] (.names)                                             0.261     1.241
out:o_8_.outpad[0] (.output)                                     0.458     1.699
data arrival time                                                          1.699

clock virtual_io_clock (rise edge)                               0.000     0.000
clock source latency                                             0.000     0.000
clock uncertainty                                                0.000     0.000
output external delay                                            0.000     0.000
data required time                                                         0.000
--------------------------------------------------------------------------------
data required time                                                        -0.000
data arrival time                                                          1.699
--------------------------------------------------------------------------------
slack (MET)                                                                1.699


#Path 17
Startpoint: i_39_.inpad[0] (.input clocked by virtual_io_clock)
Endpoint  : out:o_27_.outpad[0] (.output clocked by virtual_io_clock)
Path Type : hold

Point                                                             Incr      Path
--------------------------------------------------------------------------------
clock virtual_io_clock (rise edge)                               0.000     0.000
clock source latency                                             0.000     0.000
input external delay                                             0.000     0.000
i_39_.inpad[0] (.input)                                          0.000     0.000
[300].in[1] (.names)                                             0.586     0.586
[300].out[0] (.names)                                            0.261     0.847
n_n1631.in[0] (.names)                                           0.000     0.847
n_n1631.out[0] (.names)                                          0.261     1.108
o_27_.in[2] (.names)                                             0.149     1.256
o_27_.out[0] (.names)                                            0.261     1.517
out:o_27_.outpad[0] (.output)                                    0.217     1.734
data arrival time                                                          1.734

clock virtual_io_clock (rise edge)                               0.000     0.000
clock source latency                                             0.000     0.000
clock uncertainty                                                0.000     0.000
output external delay                                            0.000     0.000
data required time                                                         0.000
--------------------------------------------------------------------------------
data required time                                                        -0.000
data arrival time                                                          1.734
--------------------------------------------------------------------------------
slack (MET)                                                                1.734


#Path 18
Startpoint: i_15_.inpad[0] (.input clocked by virtual_io_clock)
Endpoint  : out:o_20_.outpad[0] (.output clocked by virtual_io_clock)
Path Type : hold

Point                                                             Incr      Path
--------------------------------------------------------------------------------
clock virtual_io_clock (rise edge)                               0.000     0.000
clock source latency                                             0.000     0.000
input external delay                                             0.000     0.000
i_15_.inpad[0] (.input)                                          0.000     0.000
[1050].in[0] (.names)                                            0.362     0.362
[1050].out[0] (.names)                                           0.261     0.623
[7506].in[0] (.names)                                            0.000     0.623
[7506].out[0] (.names)                                           0.261     0.884
[7508].in[3] (.names)                                            0.000     0.884
[7508].out[0] (.names)                                           0.261     1.145
o_20_.in[2] (.names)                                             0.000     1.145
o_20_.out[0] (.names)                                            0.261     1.406
out:o_20_.outpad[0] (.output)                                    0.337     1.744
data arrival time                                                          1.744

clock virtual_io_clock (rise edge)                               0.000     0.000
clock source latency                                             0.000     0.000
clock uncertainty                                                0.000     0.000
output external delay                                            0.000     0.000
data required time                                                         0.000
--------------------------------------------------------------------------------
data required time                                                        -0.000
data arrival time                                                          1.744
--------------------------------------------------------------------------------
slack (MET)                                                                1.744


#Path 19
Startpoint: i_7_.inpad[0] (.input clocked by virtual_io_clock)
Endpoint  : out:o_15_.outpad[0] (.output clocked by virtual_io_clock)
Path Type : hold

Point                                                             Incr      Path
--------------------------------------------------------------------------------
clock virtual_io_clock (rise edge)                               0.000     0.000
clock source latency                                             0.000     0.000
input external delay                                             0.000     0.000
i_7_.inpad[0] (.input)                                           0.000     0.000
o_15_.in[0] (.names)                                             0.751     0.751
o_15_.out[0] (.names)                                            0.261     1.012
out:o_15_.outpad[0] (.output)                                    0.749     1.761
data arrival time                                                          1.761

clock virtual_io_clock (rise edge)                               0.000     0.000
clock source latency                                             0.000     0.000
clock uncertainty                                                0.000     0.000
output external delay                                            0.000     0.000
data required time                                                         0.000
--------------------------------------------------------------------------------
data required time                                                        -0.000
data arrival time                                                          1.761
--------------------------------------------------------------------------------
slack (MET)                                                                1.761


#Path 20
Startpoint: i_16_.inpad[0] (.input clocked by virtual_io_clock)
Endpoint  : out:o_11_.outpad[0] (.output clocked by virtual_io_clock)
Path Type : hold

Point                                                             Incr      Path
--------------------------------------------------------------------------------
clock virtual_io_clock (rise edge)                               0.000     0.000
clock source latency                                             0.000     0.000
input external delay                                             0.000     0.000
i_16_.inpad[0] (.input)                                          0.000     0.000
[319].in[0] (.names)                                             0.505     0.505
[319].out[0] (.names)                                            0.261     0.766
[1617].in[2] (.names)                                            0.000     0.766
[1617].out[0] (.names)                                           0.261     1.027
o_11_.in[1] (.names)                                             0.000     1.027
o_11_.out[0] (.names)                                            0.261     1.288
out:o_11_.outpad[0] (.output)                                    0.479     1.767
data arrival time                                                          1.767

clock virtual_io_clock (rise edge)                               0.000     0.000
clock source latency                                             0.000     0.000
clock uncertainty                                                0.000     0.000
output external delay                                            0.000     0.000
data required time                                                         0.000
--------------------------------------------------------------------------------
data required time                                                        -0.000
data arrival time                                                          1.767
--------------------------------------------------------------------------------
slack (MET)                                                                1.767


#Path 21
Startpoint: i_37_.inpad[0] (.input clocked by virtual_io_clock)
Endpoint  : out:o_6_.outpad[0] (.output clocked by virtual_io_clock)
Path Type : hold

Point                                                             Incr      Path
--------------------------------------------------------------------------------
clock virtual_io_clock (rise edge)                               0.000     0.000
clock source latency                                             0.000     0.000
input external delay                                             0.000     0.000
i_37_.inpad[0] (.input)                                          0.000     0.000
[7681].in[1] (.names)                                            0.508     0.508
[7681].out[0] (.names)                                           0.261     0.769
[7683].in[3] (.names)                                            0.000     0.769
[7683].out[0] (.names)                                           0.261     1.030
o_6_.in[3] (.names)                                              0.000     1.030
o_6_.out[0] (.names)                                             0.261     1.291
out:o_6_.outpad[0] (.output)                                     0.481     1.772
data arrival time                                                          1.772

clock virtual_io_clock (rise edge)                               0.000     0.000
clock source latency                                             0.000     0.000
clock uncertainty                                                0.000     0.000
output external delay                                            0.000     0.000
data required time                                                         0.000
--------------------------------------------------------------------------------
data required time                                                        -0.000
data arrival time                                                          1.772
--------------------------------------------------------------------------------
slack (MET)                                                                1.772


#Path 22
Startpoint: i_38_.inpad[0] (.input clocked by virtual_io_clock)
Endpoint  : out:o_32_.outpad[0] (.output clocked by virtual_io_clock)
Path Type : hold

Point                                                             Incr      Path
--------------------------------------------------------------------------------
clock virtual_io_clock (rise edge)                               0.000     0.000
clock source latency                                             0.000     0.000
input external delay                                             0.000     0.000
i_38_.inpad[0] (.input)                                          0.000     0.000
n_n1005.in[1] (.names)                                           0.506     0.506
n_n1005.out[0] (.names)                                          0.261     0.767
o_32_.in[2] (.names)                                             0.000     0.767
o_32_.out[0] (.names)                                            0.261     1.028
out:o_32_.outpad[0] (.output)                                    0.843     1.870
data arrival time                                                          1.870

clock virtual_io_clock (rise edge)                               0.000     0.000
clock source latency                                             0.000     0.000
clock uncertainty                                                0.000     0.000
output external delay                                            0.000     0.000
data required time                                                         0.000
--------------------------------------------------------------------------------
data required time                                                        -0.000
data arrival time                                                          1.870
--------------------------------------------------------------------------------
slack (MET)                                                                1.870


#Path 23
Startpoint: i_38_.inpad[0] (.input clocked by virtual_io_clock)
Endpoint  : out:o_16_.outpad[0] (.output clocked by virtual_io_clock)
Path Type : hold

Point                                                             Incr      Path
--------------------------------------------------------------------------------
clock virtual_io_clock (rise edge)                               0.000     0.000
clock source latency                                             0.000     0.000
input external delay                                             0.000     0.000
i_38_.inpad[0] (.input)                                          0.000     0.000
n_n1005.in[1] (.names)                                           0.506     0.506
n_n1005.out[0] (.names)                                          0.261     0.767
o_16_.in[0] (.names)                                             0.219     0.986
o_16_.out[0] (.names)                                            0.261     1.247
out:o_16_.outpad[0] (.output)                                    0.638     1.885
data arrival time                                                          1.885

clock virtual_io_clock (rise edge)                               0.000     0.000
clock source latency                                             0.000     0.000
clock uncertainty                                                0.000     0.000
output external delay                                            0.000     0.000
data required time                                                         0.000
--------------------------------------------------------------------------------
data required time                                                        -0.000
data arrival time                                                          1.885
--------------------------------------------------------------------------------
slack (MET)                                                                1.885


#Path 24
Startpoint: i_14_.inpad[0] (.input clocked by virtual_io_clock)
Endpoint  : out:o_1_.outpad[0] (.output clocked by virtual_io_clock)
Path Type : hold

Point                                                             Incr      Path
--------------------------------------------------------------------------------
clock virtual_io_clock (rise edge)                               0.000     0.000
clock source latency                                             0.000     0.000
input external delay                                             0.000     0.000
i_14_.inpad[0] (.input)                                          0.000     0.000
[1923].in[0] (.names)                                            0.576     0.576
[1923].out[0] (.names)                                           0.261     0.837
[6758].in[1] (.names)                                            0.000     0.837
[6758].out[0] (.names)                                           0.261     1.098
o_1_.in[0] (.names)                                              0.216     1.314
o_1_.out[0] (.names)                                             0.261     1.575
out:o_1_.outpad[0] (.output)                                     0.314     1.888
data arrival time                                                          1.888

clock virtual_io_clock (rise edge)                               0.000     0.000
clock source latency                                             0.000     0.000
clock uncertainty                                                0.000     0.000
output external delay                                            0.000     0.000
data required time                                                         0.000
--------------------------------------------------------------------------------
data required time                                                        -0.000
data arrival time                                                          1.888
--------------------------------------------------------------------------------
slack (MET)                                                                1.888


#Path 25
Startpoint: i_38_.inpad[0] (.input clocked by virtual_io_clock)
Endpoint  : out:o_13_.outpad[0] (.output clocked by virtual_io_clock)
Path Type : hold

Point                                                             Incr      Path
--------------------------------------------------------------------------------
clock virtual_io_clock (rise edge)                               0.000     0.000
clock source latency                                             0.000     0.000
input external delay                                             0.000     0.000
i_38_.inpad[0] (.input)                                          0.000     0.000
n_n1011.in[1] (.names)                                           0.481     0.481
n_n1011.out[0] (.names)                                          0.261     0.742
o_13_.in[1] (.names)                                             0.626     1.368
o_13_.out[0] (.names)                                            0.261     1.629
out:o_13_.outpad[0] (.output)                                    0.267     1.896
data arrival time                                                          1.896

clock virtual_io_clock (rise edge)                               0.000     0.000
clock source latency                                             0.000     0.000
clock uncertainty                                                0.000     0.000
output external delay                                            0.000     0.000
data required time                                                         0.000
--------------------------------------------------------------------------------
data required time                                                        -0.000
data arrival time                                                          1.896
--------------------------------------------------------------------------------
slack (MET)                                                                1.896


#Path 26
Startpoint: i_9_.inpad[0] (.input clocked by virtual_io_clock)
Endpoint  : out:o_33_.outpad[0] (.output clocked by virtual_io_clock)
Path Type : hold

Point                                                             Incr      Path
--------------------------------------------------------------------------------
clock virtual_io_clock (rise edge)                               0.000     0.000
clock source latency                                             0.000     0.000
input external delay                                             0.000     0.000
i_9_.inpad[0] (.input)                                           0.000     0.000
[7151].in[0] (.names)                                            0.314     0.314
[7151].out[0] (.names)                                           0.261     0.575
[7153].in[3] (.names)                                            0.000     0.575
[7153].out[0] (.names)                                           0.261     0.836
[7187].in[2] (.names)                                            0.218     1.054
[7187].out[0] (.names)                                           0.261     1.315
o_33_.in[2] (.names)                                             0.000     1.315
o_33_.out[0] (.names)                                            0.261     1.576
out:o_33_.outpad[0] (.output)                                    0.352     1.928
data arrival time                                                          1.928

clock virtual_io_clock (rise edge)                               0.000     0.000
clock source latency                                             0.000     0.000
clock uncertainty                                                0.000     0.000
output external delay                                            0.000     0.000
data required time                                                         0.000
--------------------------------------------------------------------------------
data required time                                                        -0.000
data arrival time                                                          1.928
--------------------------------------------------------------------------------
slack (MET)                                                                1.928


#Path 27
Startpoint: i_38_.inpad[0] (.input clocked by virtual_io_clock)
Endpoint  : out:o_3_.outpad[0] (.output clocked by virtual_io_clock)
Path Type : hold

Point                                                             Incr      Path
--------------------------------------------------------------------------------
clock virtual_io_clock (rise edge)                               0.000     0.000
clock source latency                                             0.000     0.000
input external delay                                             0.000     0.000
i_38_.inpad[0] (.input)                                          0.000     0.000
n_n1203.in[0] (.names)                                           0.217     0.217
n_n1203.out[0] (.names)                                          0.261     0.478
n_n1184.in[0] (.names)                                           0.000     0.478
n_n1184.out[0] (.names)                                          0.261     0.739
o_3_.in[1] (.names)                                              0.358     1.097
o_3_.out[0] (.names)                                             0.261     1.358
out:o_3_.outpad[0] (.output)                                     0.602     1.960
data arrival time                                                          1.960

clock virtual_io_clock (rise edge)                               0.000     0.000
clock source latency                                             0.000     0.000
clock uncertainty                                                0.000     0.000
output external delay                                            0.000     0.000
data required time                                                         0.000
--------------------------------------------------------------------------------
data required time                                                        -0.000
data arrival time                                                          1.960
--------------------------------------------------------------------------------
slack (MET)                                                                1.960


#Path 28
Startpoint: i_16_.inpad[0] (.input clocked by virtual_io_clock)
Endpoint  : out:o_34_.outpad[0] (.output clocked by virtual_io_clock)
Path Type : hold

Point                                                             Incr      Path
--------------------------------------------------------------------------------
clock virtual_io_clock (rise edge)                               0.000     0.000
clock source latency                                             0.000     0.000
input external delay                                             0.000     0.000
i_16_.inpad[0] (.input)                                          0.000     0.000
[1575].in[1] (.names)                                            0.657     0.657
[1575].out[0] (.names)                                           0.261     0.918
n_n1711.in[1] (.names)                                           0.218     1.136
n_n1711.out[0] (.names)                                          0.261     1.397
o_34_.in[0] (.names)                                             0.000     1.397
o_34_.out[0] (.names)                                            0.261     1.658
out:o_34_.outpad[0] (.output)                                    0.314     1.971
data arrival time                                                          1.971

clock virtual_io_clock (rise edge)                               0.000     0.000
clock source latency                                             0.000     0.000
clock uncertainty                                                0.000     0.000
output external delay                                            0.000     0.000
data required time                                                         0.000
--------------------------------------------------------------------------------
data required time                                                        -0.000
data arrival time                                                          1.971
--------------------------------------------------------------------------------
slack (MET)                                                                1.971


#Path 29
Startpoint: i_23_.inpad[0] (.input clocked by virtual_io_clock)
Endpoint  : out:o_0_.outpad[0] (.output clocked by virtual_io_clock)
Path Type : hold

Point                                                             Incr      Path
--------------------------------------------------------------------------------
clock virtual_io_clock (rise edge)                               0.000     0.000
clock source latency                                             0.000     0.000
input external delay                                             0.000     0.000
i_23_.inpad[0] (.input)                                          0.000     0.000
n_n1094.in[0] (.names)                                           0.218     0.218
n_n1094.out[0] (.names)                                          0.261     0.479
[6915].in[0] (.names)                                            0.500     0.979
[6915].out[0] (.names)                                           0.261     1.240
o_0_.in[2] (.names)                                              0.000     1.240
o_0_.out[0] (.names)                                             0.261     1.501
out:o_0_.outpad[0] (.output)                                     0.481     1.982
data arrival time                                                          1.982

clock virtual_io_clock (rise edge)                               0.000     0.000
clock source latency                                             0.000     0.000
clock uncertainty                                                0.000     0.000
output external delay                                            0.000     0.000
data required time                                                         0.000
--------------------------------------------------------------------------------
data required time                                                        -0.000
data arrival time                                                          1.982
--------------------------------------------------------------------------------
slack (MET)                                                                1.982


#Path 30
Startpoint: i_0_.inpad[0] (.input clocked by virtual_io_clock)
Endpoint  : out:o_5_.outpad[0] (.output clocked by virtual_io_clock)
Path Type : hold

Point                                                             Incr      Path
--------------------------------------------------------------------------------
clock virtual_io_clock (rise edge)                               0.000     0.000
clock source latency                                             0.000     0.000
input external delay                                             0.000     0.000
i_0_.inpad[0] (.input)                                           0.000     0.000
[902].in[1] (.names)                                             0.360     0.360
[902].out[0] (.names)                                            0.261     0.621
[891].in[1] (.names)                                             0.000     0.621
[891].out[0] (.names)                                            0.261     0.882
[7637].in[1] (.names)                                            0.000     0.882
[7637].out[0] (.names)                                           0.261     1.143
[7639].in[3] (.names)                                            0.000     1.143
[7639].out[0] (.names)                                           0.261     1.404
o_5_.in[3] (.names)                                              0.000     1.404
o_5_.out[0] (.names)                                             0.261     1.665
out:o_5_.outpad[0] (.output)                                     0.336     2.001
data arrival time                                                          2.001

clock virtual_io_clock (rise edge)                               0.000     0.000
clock source latency                                             0.000     0.000
clock uncertainty                                                0.000     0.000
output external delay                                            0.000     0.000
data required time                                                         0.000
--------------------------------------------------------------------------------
data required time                                                        -0.000
data arrival time                                                          2.001
--------------------------------------------------------------------------------
slack (MET)                                                                2.001


#Path 31
Startpoint: i_0_.inpad[0] (.input clocked by virtual_io_clock)
Endpoint  : out:o_25_.outpad[0] (.output clocked by virtual_io_clock)
Path Type : hold

Point                                                             Incr      Path
--------------------------------------------------------------------------------
clock virtual_io_clock (rise edge)                               0.000     0.000
clock source latency                                             0.000     0.000
input external delay                                             0.000     0.000
i_0_.inpad[0] (.input)                                           0.000     0.000
n_n843.in[2] (.names)                                            0.483     0.483
n_n843.out[0] (.names)                                           0.261     0.744
[6984].in[3] (.names)                                            0.000     0.744
[6984].out[0] (.names)                                           0.261     1.005
[6987].in[1] (.names)                                            0.000     1.005
[6987].out[0] (.names)                                           0.261     1.266
o_25_.in[3] (.names)                                             0.000     1.266
o_25_.out[0] (.names)                                            0.261     1.527
out:o_25_.outpad[0] (.output)                                    0.483     2.009
data arrival time                                                          2.009

clock virtual_io_clock (rise edge)                               0.000     0.000
clock source latency                                             0.000     0.000
clock uncertainty                                                0.000     0.000
output external delay                                            0.000     0.000
data required time                                                         0.000
--------------------------------------------------------------------------------
data required time                                                        -0.000
data arrival time                                                          2.009
--------------------------------------------------------------------------------
slack (MET)                                                                2.009


#Path 32
Startpoint: i_35_.inpad[0] (.input clocked by virtual_io_clock)
Endpoint  : out:o_24_.outpad[0] (.output clocked by virtual_io_clock)
Path Type : hold

Point                                                             Incr      Path
--------------------------------------------------------------------------------
clock virtual_io_clock (rise edge)                               0.000     0.000
clock source latency                                             0.000     0.000
input external delay                                             0.000     0.000
i_35_.inpad[0] (.input)                                          0.000     0.000
[6938].in[2] (.names)                                            0.503     0.503
[6938].out[0] (.names)                                           0.261     0.764
n_n2581.in[2] (.names)                                           0.000     0.764
n_n2581.out[0] (.names)                                          0.261     1.025
o_24_.in[0] (.names)                                             0.366     1.391
o_24_.out[0] (.names)                                            0.261     1.652
out:o_24_.outpad[0] (.output)                                    0.393     2.045
data arrival time                                                          2.045

clock virtual_io_clock (rise edge)                               0.000     0.000
clock source latency                                             0.000     0.000
clock uncertainty                                                0.000     0.000
output external delay                                            0.000     0.000
data required time                                                         0.000
--------------------------------------------------------------------------------
data required time                                                        -0.000
data arrival time                                                          2.045
--------------------------------------------------------------------------------
slack (MET)                                                                2.045


#Path 33
Startpoint: i_12_.inpad[0] (.input clocked by virtual_io_clock)
Endpoint  : out:o_2_.outpad[0] (.output clocked by virtual_io_clock)
Path Type : hold

Point                                                             Incr      Path
--------------------------------------------------------------------------------
clock virtual_io_clock (rise edge)                               0.000     0.000
clock source latency                                             0.000     0.000
input external delay                                             0.000     0.000
i_12_.inpad[0] (.input)                                          0.000     0.000
[1836].in[0] (.names)                                            0.311     0.311
[1836].out[0] (.names)                                           0.261     0.572
[6808].in[3] (.names)                                            0.000     0.572
[6808].out[0] (.names)                                           0.261     0.833
o_2_.in[3] (.names)                                              0.481     1.315
o_2_.out[0] (.names)                                             0.261     1.576
out:o_2_.outpad[0] (.output)                                     0.496     2.072
data arrival time                                                          2.072

clock virtual_io_clock (rise edge)                               0.000     0.000
clock source latency                                             0.000     0.000
clock uncertainty                                                0.000     0.000
output external delay                                            0.000     0.000
data required time                                                         0.000
--------------------------------------------------------------------------------
data required time                                                        -0.000
data arrival time                                                          2.072
--------------------------------------------------------------------------------
slack (MET)                                                                2.072


#Path 34
Startpoint: i_14_.inpad[0] (.input clocked by virtual_io_clock)
Endpoint  : out:o_4_.outpad[0] (.output clocked by virtual_io_clock)
Path Type : hold

Point                                                             Incr      Path
--------------------------------------------------------------------------------
clock virtual_io_clock (rise edge)                               0.000     0.000
clock source latency                                             0.000     0.000
input external delay                                             0.000     0.000
i_14_.inpad[0] (.input)                                          0.000     0.000
[463].in[0] (.names)                                             0.460     0.460
[463].out[0] (.names)                                            0.261     0.721
[56].in[1] (.names)                                              0.000     0.721
[56].out[0] (.names)                                             0.261     0.982
o_4_.in[1] (.names)                                              0.363     1.345
o_4_.out[0] (.names)                                             0.261     1.606
out:o_4_.outpad[0] (.output)                                     0.570     2.176
data arrival time                                                          2.176

clock virtual_io_clock (rise edge)                               0.000     0.000
clock source latency                                             0.000     0.000
clock uncertainty                                                0.000     0.000
output external delay                                            0.000     0.000
data required time                                                         0.000
--------------------------------------------------------------------------------
data required time                                                        -0.000
data arrival time                                                          2.176
--------------------------------------------------------------------------------
slack (MET)                                                                2.176


#Path 35
Startpoint: i_36_.inpad[0] (.input clocked by virtual_io_clock)
Endpoint  : out:o_18_.outpad[0] (.output clocked by virtual_io_clock)
Path Type : hold

Point                                                             Incr      Path
--------------------------------------------------------------------------------
clock virtual_io_clock (rise edge)                               0.000     0.000
clock source latency                                             0.000     0.000
input external delay                                             0.000     0.000
i_36_.inpad[0] (.input)                                          0.000     0.000
[1285].in[0] (.names)                                            0.478     0.478
[1285].out[0] (.names)                                           0.261     0.739
[7302].in[1] (.names)                                            0.000     0.739
[7302].out[0] (.names)                                           0.261     1.000
o_18_.in[2] (.names)                                             0.359     1.359
o_18_.out[0] (.names)                                            0.261     1.620
out:o_18_.outpad[0] (.output)                                    0.717     2.338
data arrival time                                                          2.338

clock virtual_io_clock (rise edge)                               0.000     0.000
clock source latency                                             0.000     0.000
clock uncertainty                                                0.000     0.000
output external delay                                            0.000     0.000
data required time                                                         0.000
--------------------------------------------------------------------------------
data required time                                                        -0.000
data arrival time                                                          2.338
--------------------------------------------------------------------------------
slack (MET)                                                                2.338


#End of timing report
